<html>
<body>
<pre>
<h1>µVision Build Log</h1>
<h2>Tool Versions:</h2>
IDE-Version: ¦ÌVision V5.35.0.0
Copyright (C) 2021 ARM Ltd and ARM Germany GmbH. All rights reserved.
License Information: wu wu, wu, LIC=EXJT4-FGCS2-AR7XW-QDYN3-0NQ04-5CASN
 
Tool Versions:
Toolchain:       MDK-ARM Plus  Version: 5.35.0.2
Toolchain Path:  C:\Keil_v5\ARM\ARMCLANG\Bin
C Compiler:      ArmClang.exe V6.16
Assembler:       Armasm.exe V6.16
Linker/Locator:  ArmLink.exe V6.16
Library Manager: ArmAr.exe V6.16
Hex Converter:   FromElf.exe V6.16
CPU DLL:         SARMCM3.DLL V5.35.0.2
Dialog DLL:      DCM.DLL V1.17.3.0
Target DLL:      CMSIS_AGDI.dll V1.33.0.0
Dialog DLL:      TCM.DLL V1.53.0.0
 
<h2>Project:</h2>
D:\work\proj\gd\GD32F4xx_Demo_Suites_V2.6.1\GD32F4xx_Demo_Suites_V2.6.1\GD32427V_START_Demo_Suites\Projects\05_USB_MSC_Device\MDK-ARM\msc_udisk.uvprojx
Project File Date:  11/27/2022

<h2>Output:</h2>
*** Using Compiler 'V6.16', folder: 'C:\Keil_v5\ARM\ARMCLANG\Bin'
Rebuild target 'USBFS_msc_udisk'
compiling gd32f427v_start.c...
compiling system_gd32f4xx.c...
compiling sram_msd.c...
compiling gd32f4xx_hw.c...
compiling usbd_storage_msd.c...
compiling app.c...
compiling gd32f4xx_it.c...
compiling gd32f4xx_exti.c...
compiling gd32f4xx_gpio.c...
compiling gd32f4xx_misc.c...
compiling gd32f4xx_pmu.c...
compiling gd32f4xx_syscfg.c...
compiling gd32f4xx_rcu.c...
compiling gd32f4xx_timer.c...
compiling gd32f4xx_usart.c...
../../../../GD32F4xx_Firmware_Library/GD32F4xx_usb_library/driver/Source/drv_usb_core.c(235): warning: '__packed__' attribute ignored when parsing type [-Wignored-attributes]
        *fifo = *((__packed uint32_t *)src_buf);
                   ^~~~~~~~
../inc/usb_conf.h(182): note: expanded from macro '__packed'
        #define __packed __attribute__ ((__packed__))
                                         ^~~~~~~~~~
../../../../GD32F4xx_Firmware_Library/GD32F4xx_usb_library/driver/Source/drv_usb_core.c(258): warning: '__packed__' attribute ignored when parsing type [-Wignored-attributes]
        *(__packed uint32_t *)dest_buf = *fifo;
          ^~~~~~~~
../inc/usb_conf.h(182): note: expanded from macro '__packed'
        #define __packed __attribute__ ((__packed__))
                                         ^~~~~~~~~~
2 warnings generated.
compiling drv_usb_core.c...
compiling drv_usb_dev.c...
compiling drv_usbd_int.c...
compiling usbd_core.c...
compiling usbd_enum.c...
compiling usbd_transc.c...
compiling usbd_msc_bbb.c...
compiling usbd_msc_core.c...
assembling startup_gd32f407_427.s...
compiling usbd_msc_scsi.c...
linking...
Program Size: Code=11250 RO-data=1094 RW-data=368 ZI-data=48440  
FromELF: creating hex file...
".\USBHS_Object\msc_udisk.axf" - 0 Error(s), 2 Warning(s).

<h2>Software Packages used:</h2>

Package Vendor: ARM
                http://www.keil.com/pack/ARM.CMSIS.5.8.0.pack
                ARM.CMSIS.5.8.0
                CMSIS (Common Microcontroller Software Interface Standard)
   * Component: CORE Version: 5.5.0

Package Vendor: GigaDevice
                https://gd32mcu.com/data/documents/pack/GigaDevice.GD32F4xx_DFP.3.0.3.pack
                GigaDevice.GD32F4xx_DFP.3.0.3
                GigaDevice GD32F4xx Series Device Support and Examples

<h2>Collection of Component include folders:</h2>
  .\RTE\_USBFS_msc_udisk
  C:\Users\wu\AppData\Local\Arm\Packs\ARM\CMSIS\5.8.0\CMSIS\Core\Include
  C:\Users\wu\AppData\Local\Arm\Packs\GigaDevice\GD32F4xx_DFP\3.0.3\Device\F4XX\Include

<h2>Collection of Component Files used:</h2>

   * Component: ARM::CMSIS:CORE:5.5.0
Build Time Elapsed:  00:00:08
</pre>
</body>
</html>
