Component: ARM Compiler 6.16 Tool: armlink [5dfeaa00]

==============================================================================

Section Cross References

    app.o(.text.main) refers to gd32f4xx_hw.o(.text.usb_gpio_config) for usb_gpio_config
    app.o(.text.main) refers to gd32f4xx_hw.o(.text.usb_rcu_config) for usb_rcu_config
    app.o(.text.main) refers to gd32f4xx_hw.o(.text.usb_timer_init) for usb_timer_init
    app.o(.text.main) refers to app.o(.bss.msc_udisk) for msc_udisk
    app.o(.text.main) refers to usbd_msc_core.o(.data.msc_desc) for msc_desc
    app.o(.text.main) refers to usbd_msc_core.o(.data.msc_class) for msc_class
    app.o(.text.main) refers to usbd_core.o(.text.usbd_init) for usbd_init
    app.o(.text.main) refers to gd32f4xx_hw.o(.text.usb_intr_config) for usb_intr_config
    app.o(.ARM.exidx.text.main) refers to app.o(.text.main) for [Anonymous Symbol]
    gd32f4xx_hw.o(.text.usb_rcu_config) refers to gd32f4xx_rcu.o(.text.rcu_pll48m_clock_config) for rcu_pll48m_clock_config
    gd32f4xx_hw.o(.text.usb_rcu_config) refers to gd32f4xx_rcu.o(.text.rcu_ck48m_clock_config) for rcu_ck48m_clock_config
    gd32f4xx_hw.o(.text.usb_rcu_config) refers to gd32f4xx_rcu.o(.text.rcu_periph_clock_enable) for rcu_periph_clock_enable
    gd32f4xx_hw.o(.ARM.exidx.text.usb_rcu_config) refers to gd32f4xx_hw.o(.text.usb_rcu_config) for [Anonymous Symbol]
    gd32f4xx_hw.o(.text.usb_gpio_config) refers to gd32f4xx_rcu.o(.text.rcu_periph_clock_enable) for rcu_periph_clock_enable
    gd32f4xx_hw.o(.text.usb_gpio_config) refers to gd32f4xx_gpio.o(.text.gpio_mode_set) for gpio_mode_set
    gd32f4xx_hw.o(.text.usb_gpio_config) refers to gd32f4xx_gpio.o(.text.gpio_output_options_set) for gpio_output_options_set
    gd32f4xx_hw.o(.text.usb_gpio_config) refers to gd32f4xx_gpio.o(.text.gpio_af_set) for gpio_af_set
    gd32f4xx_hw.o(.ARM.exidx.text.usb_gpio_config) refers to gd32f4xx_hw.o(.text.usb_gpio_config) for [Anonymous Symbol]
    gd32f4xx_hw.o(.text.usb_intr_config) refers to gd32f4xx_misc.o(.text.nvic_priority_group_set) for nvic_priority_group_set
    gd32f4xx_hw.o(.text.usb_intr_config) refers to gd32f4xx_misc.o(.text.nvic_irq_enable) for nvic_irq_enable
    gd32f4xx_hw.o(.ARM.exidx.text.usb_intr_config) refers to gd32f4xx_hw.o(.text.usb_intr_config) for [Anonymous Symbol]
    gd32f4xx_hw.o(.text.usb_timer_init) refers to gd32f4xx_misc.o(.text.nvic_priority_group_set) for nvic_priority_group_set
    gd32f4xx_hw.o(.text.usb_timer_init) refers to gd32f4xx_misc.o(.text.nvic_irq_enable) for nvic_irq_enable
    gd32f4xx_hw.o(.text.usb_timer_init) refers to gd32f4xx_rcu.o(.text.rcu_periph_clock_enable) for rcu_periph_clock_enable
    gd32f4xx_hw.o(.ARM.exidx.text.usb_timer_init) refers to gd32f4xx_hw.o(.text.usb_timer_init) for [Anonymous Symbol]
    gd32f4xx_hw.o(.text.usb_udelay) refers to gd32f4xx_hw.o(.text.hw_delay) for hw_delay
    gd32f4xx_hw.o(.ARM.exidx.text.usb_udelay) refers to gd32f4xx_hw.o(.text.usb_udelay) for [Anonymous Symbol]
    gd32f4xx_hw.o(.text.hw_delay) refers to gd32f4xx_hw.o(.bss.delay_time) for delay_time
    gd32f4xx_hw.o(.text.hw_delay) refers to gd32f4xx_hw.o(.text.hw_time_set) for hw_time_set
    gd32f4xx_hw.o(.text.hw_delay) refers to gd32f4xx_timer.o(.text.timer_disable) for timer_disable
    gd32f4xx_hw.o(.ARM.exidx.text.hw_delay) refers to gd32f4xx_hw.o(.text.hw_delay) for [Anonymous Symbol]
    gd32f4xx_hw.o(.text.usb_mdelay) refers to gd32f4xx_hw.o(.text.hw_delay) for hw_delay
    gd32f4xx_hw.o(.ARM.exidx.text.usb_mdelay) refers to gd32f4xx_hw.o(.text.usb_mdelay) for [Anonymous Symbol]
    gd32f4xx_hw.o(.text.usb_timer_irq) refers to gd32f4xx_timer.o(.text.timer_interrupt_flag_get) for timer_interrupt_flag_get
    gd32f4xx_hw.o(.text.usb_timer_irq) refers to gd32f4xx_timer.o(.text.timer_interrupt_flag_clear) for timer_interrupt_flag_clear
    gd32f4xx_hw.o(.text.usb_timer_irq) refers to gd32f4xx_hw.o(.bss.delay_time) for delay_time
    gd32f4xx_hw.o(.text.usb_timer_irq) refers to gd32f4xx_timer.o(.text.timer_disable) for timer_disable
    gd32f4xx_hw.o(.ARM.exidx.text.usb_timer_irq) refers to gd32f4xx_hw.o(.text.usb_timer_irq) for [Anonymous Symbol]
    gd32f4xx_hw.o(.text.hw_time_set) refers to gd32f4xx_rcu.o(.text.rcu_clock_freq_get) for rcu_clock_freq_get
    gd32f4xx_hw.o(.text.hw_time_set) refers to gd32f4xx_hw.o(.data.timer_prescaler) for timer_prescaler
    gd32f4xx_hw.o(.text.hw_time_set) refers to gd32f4xx_timer.o(.text.timer_disable) for timer_disable
    gd32f4xx_hw.o(.text.hw_time_set) refers to gd32f4xx_timer.o(.text.timer_interrupt_disable) for timer_interrupt_disable
    gd32f4xx_hw.o(.text.hw_time_set) refers to gd32f4xx_timer.o(.text.timer_init) for timer_init
    gd32f4xx_hw.o(.text.hw_time_set) refers to gd32f4xx_timer.o(.text.timer_interrupt_flag_clear) for timer_interrupt_flag_clear
    gd32f4xx_hw.o(.text.hw_time_set) refers to gd32f4xx_timer.o(.text.timer_auto_reload_shadow_enable) for timer_auto_reload_shadow_enable
[...]
    [Anonymous Symbol]                       0x08000d98   Section        0  usbd_msc_bbb.o(.text.msc_bbb_deinit)
    [Anonymous Symbol]                       0x08000da8   Section        0  usbd_msc_bbb.o(.text.msc_bbb_init)
    [Anonymous Symbol]                       0x08000dec   Section        0  usbd_msc_bbb.o(.text.msc_bbb_reset)
    msc_core_deinit                          0x08000e0d   Thumb Code    28  usbd_msc_core.o(.text.msc_core_deinit)
    [Anonymous Symbol]                       0x08000e0c   Section        0  usbd_msc_core.o(.text.msc_core_deinit)
    msc_core_in                              0x08000e29   Thumb Code    10  usbd_msc_core.o(.text.msc_core_in)
    [Anonymous Symbol]                       0x08000e28   Section        0  usbd_msc_core.o(.text.msc_core_in)
    msc_core_init                            0x08000e35   Thumb Code    64  usbd_msc_core.o(.text.msc_core_init)
    [Anonymous Symbol]                       0x08000e34   Section        0  usbd_msc_core.o(.text.msc_core_init)
    msc_core_out                             0x08000e75   Thumb Code    10  usbd_msc_core.o(.text.msc_core_out)
    [Anonymous Symbol]                       0x08000e74   Section        0  usbd_msc_core.o(.text.msc_core_out)
    msc_core_req                             0x08000e81   Thumb Code   118  usbd_msc_core.o(.text.msc_core_req)
    [Anonymous Symbol]                       0x08000e80   Section        0  usbd_msc_core.o(.text.msc_core_req)
    [Anonymous Symbol]                       0x08000ef8   Section        0  gd32f4xx_misc.o(.text.nvic_irq_enable)
    [Anonymous Symbol]                       0x08000f9c   Section        0  gd32f4xx_misc.o(.text.nvic_priority_group_set)
    [Anonymous Symbol]                       0x08000fb0   Section        0  gd32f4xx_pmu.o(.text.pmu_to_deepsleepmode)
    [Anonymous Symbol]                       0x080010ac   Section        0  gd32f4xx_rcu.o(.text.rcu_ck48m_clock_config)
    [Anonymous Symbol]                       0x080010c0   Section        0  gd32f4xx_rcu.o(.text.rcu_clock_freq_get)
    [Anonymous Symbol]                       0x08001184   Section        0  gd32f4xx_rcu.o(.text.rcu_flag_get)
    [Anonymous Symbol]                       0x080011a0   Section        0  gd32f4xx_rcu.o(.text.rcu_osci_on)
    [Anonymous Symbol]                       0x080011c0   Section        0  gd32f4xx_rcu.o(.text.rcu_periph_clock_enable)
    [Anonymous Symbol]                       0x080011e0   Section        0  gd32f4xx_rcu.o(.text.rcu_pll48m_clock_config)
    [Anonymous Symbol]                       0x080011f4   Section        0  gd32f4xx_rcu.o(.text.rcu_system_clock_source_config)
    [Anonymous Symbol]                       0x08001208   Section        0  gd32f4xx_rcu.o(.text.rcu_system_clock_source_get)
    resume_mcu_clk                           0x08001219   Thumb Code    50  gd32f4xx_it.o(.text.resume_mcu_clk)
    [Anonymous Symbol]                       0x08001218   Section        0  gd32f4xx_it.o(.text.resume_mcu_clk)
    scsi_allow_medium_removal                0x0800124d   Thumb Code    14  usbd_msc_scsi.o(.text.scsi_allow_medium_removal)
    [Anonymous Symbol]                       0x0800124c   Section        0  usbd_msc_scsi.o(.text.scsi_allow_medium_removal)
    scsi_check_address_range                 0x0800125d   Thumb Code    46  usbd_msc_scsi.o(.text.scsi_check_address_range)
    [Anonymous Symbol]                       0x0800125c   Section        0  usbd_msc_scsi.o(.text.scsi_check_address_range)
    scsi_inquiry                             0x0800128d   Thumb Code    82  usbd_msc_scsi.o(.text.scsi_inquiry)
    [Anonymous Symbol]                       0x0800128c   Section        0  usbd_msc_scsi.o(.text.scsi_inquiry)
    scsi_mode_select10                       0x080012e1   Thumb Code    14  usbd_msc_scsi.o(.text.scsi_mode_select10)
    [Anonymous Symbol]                       0x080012e0   Section        0  usbd_msc_scsi.o(.text.scsi_mode_select10)
    scsi_mode_select6                        0x080012f1   Thumb Code    14  usbd_msc_scsi.o(.text.scsi_mode_select6)
    [Anonymous Symbol]                       0x080012f0   Section        0  usbd_msc_scsi.o(.text.scsi_mode_select6)
    scsi_mode_sense10                        0x08001301   Thumb Code    36  usbd_msc_scsi.o(.text.scsi_mode_sense10)
    [Anonymous Symbol]                       0x08001300   Section        0  usbd_msc_scsi.o(.text.scsi_mode_sense10)
    scsi_mode_sense6                         0x08001325   Thumb Code    36  usbd_msc_scsi.o(.text.scsi_mode_sense6)
    [Anonymous Symbol]                       0x08001324   Section        0  usbd_msc_scsi.o(.text.scsi_mode_sense6)
    [Anonymous Symbol]                       0x08001348   Section        0  usbd_msc_scsi.o(.text.scsi_process_cmd)
    scsi_process_read                        0x080014a9   Thumb Code   152  usbd_msc_scsi.o(.text.scsi_process_read)
    [Anonymous Symbol]                       0x080014a8   Section        0  usbd_msc_scsi.o(.text.scsi_process_read)
    scsi_process_write                       0x08001541   Thumb Code   154  usbd_msc_scsi.o(.text.scsi_process_write)
    [Anonymous Symbol]                       0x08001540   Section        0  usbd_msc_scsi.o(.text.scsi_process_write)
    scsi_read10                              0x080015dd   Thumb Code   184  usbd_msc_scsi.o(.text.scsi_read10)
    [Anonymous Symbol]                       0x080015dc   Section        0  usbd_msc_scsi.o(.text.scsi_read10)
    scsi_read_capacity10                     0x08001695   Thumb Code    88  usbd_msc_scsi.o(.text.scsi_read_capacity10)
    [Anonymous Symbol]                       0x08001694   Section        0  usbd_msc_scsi.o(.text.scsi_read_capacity10)
    scsi_read_format_capacity                0x080016ed   Thumb Code    74  usbd_msc_scsi.o(.text.scsi_read_format_capacity)
    [Anonymous Symbol]                       0x080016ec   Section        0  usbd_msc_scsi.o(.text.scsi_read_format_capacity)
    scsi_request_sense                       0x08001739   Thumb Code   106  usbd_msc_scsi.o(.text.scsi_request_sense)
    [Anonymous Symbol]                       0x08001738   Section        0  usbd_msc_scsi.o(.text.scsi_request_sense)
    [Anonymous Symbol]                       0x080017a4   Section        0  usbd_msc_scsi.o(.text.scsi_sense_code)
    scsi_start_stop_unit                     0x080017dd   Thumb Code    20  usbd_msc_scsi.o(.text.scsi_start_stop_unit)
    [Anonymous Symbol]                       0x080017dc   Section        0  usbd_msc_scsi.o(.text.scsi_start_stop_unit)
    scsi_test_unit_ready                     0x080017f1   Thumb Code    76  usbd_msc_scsi.o(.text.scsi_test_unit_ready)
    [Anonymous Symbol]                       0x080017f0   Section        0  usbd_msc_scsi.o(.text.scsi_test_unit_ready)
    scsi_toc_cmd_read                        0x0800183d   Thumb Code    56  usbd_msc_scsi.o(.text.scsi_toc_cmd_read)
    [Anonymous Symbol]                       0x0800183c   Section        0  usbd_msc_scsi.o(.text.scsi_toc_cmd_read)
    scsi_verify10                            0x08001875   Thumb Code    56  usbd_msc_scsi.o(.text.scsi_verify10)
    [Anonymous Symbol]                       0x08001874   Section        0  usbd_msc_scsi.o(.text.scsi_verify10)
    scsi_write10                             0x080018ad   Thumb Code   260  usbd_msc_scsi.o(.text.scsi_write10)
    [Anonymous Symbol]                       0x080018ac   Section        0  usbd_msc_scsi.o(.text.scsi_write10)
    [Anonymous Symbol]                       0x080019b0   Section        0  usbd_enum.o(.text.serial_string_get)
    system_clock_168m_25m_hxtal              0x080019f9   Thumb Code   188  system_gd32f4xx.o(.text.system_clock_168m_25m_hxtal)
    [Anonymous Symbol]                       0x080019f8   Section        0  system_gd32f4xx.o(.text.system_clock_168m_25m_hxtal)
    system_clock_config                      0x08001ab5   Thumb Code     8  system_gd32f4xx.o(.text.system_clock_config)
    [Anonymous Symbol]                       0x08001ab4   Section        0  system_gd32f4xx.o(.text.system_clock_config)
    [Anonymous Symbol]                       0x08001abc   Section        0  gd32f4xx_timer.o(.text.timer_auto_reload_shadow_enable)
    [Anonymous Symbol]                       0x08001ac8   Section        0  gd32f4xx_timer.o(.text.timer_disable)
    [Anonymous Symbol]                       0x08001ad4   Section        0  gd32f4xx_timer.o(.text.timer_enable)
    [Anonymous Symbol]                       0x08001ae0   Section        0  gd32f4xx_timer.o(.text.timer_init)
    [Anonymous Symbol]                       0x08001b8c   Section        0  gd32f4xx_timer.o(.text.timer_interrupt_disable)
    [Anonymous Symbol]                       0x08001b98   Section        0  gd32f4xx_timer.o(.text.timer_interrupt_enable)
    [Anonymous Symbol]                       0x08001ba0   Section        0  gd32f4xx_timer.o(.text.timer_interrupt_flag_clear)
    [Anonymous Symbol]                       0x08001ba8   Section        0  gd32f4xx_timer.o(.text.timer_interrupt_flag_get)
    [Anonymous Symbol]                       0x08001bc0   Section        0  drv_usb_core.o(.text.usb_basic_init)
    [Anonymous Symbol]                       0x08001c94   Section        0  drv_usb_dev.o(.text.usb_clock_active)
    [Anonymous Symbol]                       0x08001cb0   Section        0  drv_usb_core.o(.text.usb_core_init)
    usb_core_reset                           0x08001d45   Thumb Code    26  drv_usb_core.o(.text.usb_core_reset)
    [Anonymous Symbol]                       0x08001d44   Section        0  drv_usb_core.o(.text.usb_core_reset)
    [Anonymous Symbol]                       0x08001d60   Section        0  drv_usb_dev.o(.text.usb_ctlep_startout)
    [Anonymous Symbol]                       0x08001d84   Section        0  drv_usb_core.o(.text.usb_curmode_set)
    usb_dev_connect                          0x08001da9   Thumb Code    12  usbd_core.o(.text.usb_dev_connect)
    [Anonymous Symbol]                       0x08001da8   Section        0  usbd_core.o(.text.usb_dev_connect)
    usb_dev_disconnect                       0x08001db5   Thumb Code    12  usbd_core.o(.text.usb_dev_disconnect)
    [Anonymous Symbol]                       0x08001db4   Section        0  usbd_core.o(.text.usb_dev_disconnect)
    usb_devaddr_set                          0x08001dc1   Thumb Code    20  usbd_enum.o(.text.usb_devaddr_set)
    [Anonymous Symbol]                       0x08001dc0   Section        0  usbd_enum.o(.text.usb_devaddr_set)
    [Anonymous Symbol]                       0x08001dd4   Section        0  drv_usb_dev.o(.text.usb_devcore_init)
    USBFS_TX_FIFO_SIZE                       0x08001ec4   Number         0  drv_usb_dev.o(.text.usb_devcore_init)
    [Anonymous Symbol]                       0x08001ecc   Section        0  drv_usb_dev.o(.text.usb_devint_enable)
    usb_globalint_disable                    0x08001f05   Thumb Code    12  usbd_core.o(.text.usb_globalint_disable)
    [Anonymous Symbol]                       0x08001f04   Section        0  usbd_core.o(.text.usb_globalint_disable)
    usb_globalint_enable                     0x08001f11   Thumb Code    12  usbd_core.o(.text.usb_globalint_enable)
    [Anonymous Symbol]                       0x08001f10   Section        0  usbd_core.o(.text.usb_globalint_enable)
    [Anonymous Symbol]                       0x08001f1c   Section        0  gd32f4xx_hw.o(.text.usb_gpio_config)
    usb_iepintnum_read                       0x08001f61   Thumb Code    14  drv_usbd_int.o(.text.usb_iepintnum_read)
    [Anonymous Symbol]                       0x08001f60   Section        0  drv_usbd_int.o(.text.usb_iepintnum_read)
    [Anonymous Symbol]                       0x08001f70   Section        0  drv_usb_dev.o(.text.usb_iepintr_read)
    [Anonymous Symbol]                       0x08001f8c   Section        0  gd32f4xx_hw.o(.text.usb_intr_config)
    [Anonymous Symbol]                       0x08001fa4   Section        0  gd32f4xx_hw.o(.text.usb_mdelay)
    usb_oepintnum_read                       0x08001fb1   Thumb Code    14  drv_usbd_int.o(.text.usb_oepintnum_read)
    [Anonymous Symbol]                       0x08001fb0   Section        0  drv_usbd_int.o(.text.usb_oepintnum_read)
    usb_oepintr_read                         0x08001fc1   Thumb Code    16  drv_usbd_int.o(.text.usb_oepintr_read)
    [Anonymous Symbol]                       0x08001fc0   Section        0  drv_usbd_int.o(.text.usb_oepintr_read)
    [Anonymous Symbol]                       0x08001fd0   Section        0  gd32f4xx_hw.o(.text.usb_rcu_config)
    [Anonymous Symbol]                       0x08001fe8   Section        0  drv_usb_core.o(.text.usb_rxfifo_flush)
    [Anonymous Symbol]                       0x08002000   Section        0  drv_usb_core.o(.text.usb_rxfifo_read)
    usb_set_rxfifo                           0x08002021   Thumb Code     8  drv_usb_dev.o(.text.usb_set_rxfifo)
    [Anonymous Symbol]                       0x08002020   Section        0  drv_usb_dev.o(.text.usb_set_rxfifo)
    [Anonymous Symbol]                       0x08002028   Section        0  drv_usb_core.o(.text.usb_set_txfifo)
    [Anonymous Symbol]                       0x08002074   Section        0  gd32f4xx_hw.o(.text.usb_timer_init)
    [Anonymous Symbol]                       0x08002094   Section        0  gd32f4xx_hw.o(.text.usb_timer_irq)
    [Anonymous Symbol]                       0x080020d0   Section        0  drv_usb_dev.o(.text.usb_transc_active)
    [Anonymous Symbol]                       0x0800216c   Section        0  drv_usb_dev.o(.text.usb_transc_clrstall)
    [Anonymous Symbol]                       0x080021a0   Section        0  drv_usb_dev.o(.text.usb_transc_deactivate)
    [Anonymous Symbol]                       0x080021d4   Section        0  drv_usb_dev.o(.text.usb_transc_inxfer)
    [Anonymous Symbol]                       0x080022b0   Section        0  drv_usb_dev.o(.text.usb_transc_outxfer)
    [Anonymous Symbol]                       0x08002318   Section        0  drv_usb_dev.o(.text.usb_transc_stall)
    [Anonymous Symbol]                       0x0800234c   Section        0  drv_usb_core.o(.text.usb_txfifo_flush)
    [Anonymous Symbol]                       0x08002368   Section        0  drv_usb_core.o(.text.usb_txfifo_write)
    [Anonymous Symbol]                       0x08002390   Section        0  gd32f4xx_hw.o(.text.usb_udelay)
    usbd_addr_set                            0x0800239d   Thumb Code     8  usbd_enum.o(.text.usbd_addr_set)
    [Anonymous Symbol]                       0x0800239c   Section        0  usbd_enum.o(.text.usbd_addr_set)
    [Anonymous Symbol]                       0x080023a4   Section        0  usbd_enum.o(.text.usbd_class_request)
    [Anonymous Symbol]                       0x080023c4   Section        0  usbd_core.o(.text.usbd_connect)
    [Anonymous Symbol]                       0x080023d4   Section        0  usbd_transc.o(.text.usbd_ctl_recev)
    [Anonymous Symbol]                       0x08002400   Section        0  usbd_transc.o(.text.usbd_ctl_send)
    [Anonymous Symbol]                       0x0800242c   Section        0  usbd_transc.o(.text.usbd_ctl_status_recev)
    [Anonymous Symbol]                       0x0800244c   Section        0  usbd_transc.o(.text.usbd_ctl_status_send)
    [Anonymous Symbol]                       0x0800246c   Section        0  usbd_core.o(.text.usbd_disconnect)
    usbd_emptytxfifo_write                   0x0800247d   Thumb Code   176  drv_usbd_int.o(.text.usbd_emptytxfifo_write)
    [Anonymous Symbol]                       0x0800247c   Section        0  drv_usbd_int.o(.text.usbd_emptytxfifo_write)
    [Anonymous Symbol]                       0x0800252c   Section        0  usbd_enum.o(.text.usbd_enum_error)
    [Anonymous Symbol]                       0x08002548   Section        0  usbd_core.o(.text.usbd_ep_clear)
    [Anonymous Symbol]                       0x08002578   Section        0  usbd_core.o(.text.usbd_ep_recev)
    [Anonymous Symbol]                       0x080025ac   Section        0  usbd_core.o(.text.usbd_ep_send)
    [Anonymous Symbol]                       0x080025e0   Section        0  usbd_core.o(.text.usbd_ep_setup)
    [Anonymous Symbol]                       0x08002654   Section        0  usbd_core.o(.text.usbd_ep_stall)
    [Anonymous Symbol]                       0x08002688   Section        0  usbd_core.o(.text.usbd_ep_stall_clear)
    [Anonymous Symbol]                       0x080026bc   Section        0  usbd_core.o(.text.usbd_fifo_flush)
    [Anonymous Symbol]                       0x080026e0   Section        0  usbd_transc.o(.text.usbd_in_transc)
    [Anonymous Symbol]                       0x08002774   Section        0  usbd_core.o(.text.usbd_init)
    usbd_int_enumfinish                      0x080027d5   Thumb Code    70  drv_usbd_int.o(.text.usbd_int_enumfinish)
    [Anonymous Symbol]                       0x080027d4   Section        0  drv_usbd_int.o(.text.usbd_int_enumfinish)
    usbd_int_epin                            0x0800281d   Thumb Code   150  drv_usbd_int.o(.text.usbd_int_epin)
    [Anonymous Symbol]                       0x0800281c   Section        0  drv_usbd_int.o(.text.usbd_int_epin)
    usbd_int_epout                           0x080028b5   Thumb Code   186  drv_usbd_int.o(.text.usbd_int_epout)
    [Anonymous Symbol]                       0x080028b4   Section        0  drv_usbd_int.o(.text.usbd_int_epout)
    usbd_int_reset                           0x08002971   Thumb Code   194  drv_usbd_int.o(.text.usbd_int_reset)
    [Anonymous Symbol]                       0x08002970   Section        0  drv_usbd_int.o(.text.usbd_int_reset)
    usbd_int_rxfifo                          0x08002a35   Thumb Code   162  drv_usbd_int.o(.text.usbd_int_rxfifo)
    [Anonymous Symbol]                       0x08002a34   Section        0  drv_usbd_int.o(.text.usbd_int_rxfifo)
    usbd_int_suspend                         0x08002ad9   Thumb Code   106  drv_usbd_int.o(.text.usbd_int_suspend)
    [Anonymous Symbol]                       0x08002ad8   Section        0  drv_usbd_int.o(.text.usbd_int_suspend)
    [Anonymous Symbol]                       0x08002b44   Section        0  drv_usbd_int.o(.text.usbd_isr)
    [Anonymous Symbol]                       0x08002c18   Section        0  usbd_transc.o(.text.usbd_out_transc)
    usbd_rxcount_get                         0x08002c91   Thumb Code     6  usbd_msc_bbb.o(.text.usbd_rxcount_get)
    [Anonymous Symbol]                       0x08002c90   Section        0  usbd_msc_bbb.o(.text.usbd_rxcount_get)
    [Anonymous Symbol]                       0x08002c98   Section        0  usbd_transc.o(.text.usbd_setup_transc)
    [Anonymous Symbol]                       0x08002d18   Section        0  usbd_enum.o(.text.usbd_standard_request)
    _std_dev_req                             0x08002d28   Number         0  usbd_enum.o(.text.usbd_standard_request)
    [Anonymous Symbol]                       0x08002d5c   Section        0  usbd_enum.o(.text.usbd_vendor_request)
    $v0                                      0x08002d60   Number         0  fpinit.o(x$fpl$fpinit)
    x$fpl$fpinit                             0x08002d60   Section       26  fpinit.o(x$fpl$fpinit)
    EP0_MAXLEN                               0x08002d9e   Data           4  drv_usb_dev.o(.rodata.cst4)
    [Anonymous Symbol]                       0x08002d9e   Section        0  drv_usb_dev.o(.rodata.cst4)
    manufacturer_string                      0x08002db4   Data         258  usbd_msc_core.o(.rodata.manufacturer_string)
    [Anonymous Symbol]                       0x08002db4   Section        0  usbd_msc_core.o(.rodata.manufacturer_string)
    product_string                           0x08002eff   Data         258  usbd_msc_core.o(.rodata.product_string)
    [Anonymous Symbol]                       0x08002eff   Section        0  usbd_msc_core.o(.rodata.product_string)
    usbd_language_id_desc                    0x08003002   Data           4  usbd_msc_core.o(.rodata.usbd_language_id_desc)
    [Anonymous Symbol]                       0x08003002   Section        0  usbd_msc_core.o(.rodata.usbd_language_id_desc)
    usbd_msc_strings                         0x08003008   Data          16  usbd_msc_core.o(.rodata.usbd_msc_strings)
    [Anonymous Symbol]                       0x08003008   Section        0  usbd_msc_core.o(.rodata.usbd_msc_strings)
    serial_string                            0x20000068   Data         258  usbd_msc_core.o(.data.serial_string)
    [Anonymous Symbol]                       0x20000068   Section        0  usbd_msc_core.o(.data.serial_string)
    .bss                                     0x20000170   Section       96  libspace.o(.bss)
    _usb_std_getstatus.status                0x2000a1d0   Data           2  usbd_enum.o(.bss._usb_std_getstatus.status)
    [Anonymous Symbol]                       0x2000a1d0   Section        0  usbd_enum.o(.bss._usb_std_getstatus.status)
    _usb_std_setconfiguration.config         0x2000a1d2   Data           1  usbd_enum.o(.bss._usb_std_setconfiguration.config)
    [Anonymous Symbol]                       0x2000a1d2   Section        0  usbd_enum.o(.bss._usb_std_setconfiguration.config)
    msc_core_init.msc_handler                0x2000a1d8   Data        4224  usbd_msc_core.o(.bss.msc_core_init.msc_handler)
    [Anonymous Symbol]                       0x2000a1d8   Section        0  usbd_msc_core.o(.bss.msc_core_init.msc_handler)
    pmu_to_deepsleepmode.reg_snap.0          0x2000b694   Data           4  gd32f4xx_pmu.o(.bss.pmu_to_deepsleepmode.reg_snap.0)
    [Anonymous Symbol]                       0x2000b694   Section        0  gd32f4xx_pmu.o(.bss.pmu_to_deepsleepmode.reg_snap.0)
    pmu_to_deepsleepmode.reg_snap.1          0x2000b698   Data           4  gd32f4xx_pmu.o(.bss.pmu_to_deepsleepmode.reg_snap.1)
    [Anonymous Symbol]                       0x2000b698   Section        0  gd32f4xx_pmu.o(.bss.pmu_to_deepsleepmode.reg_snap.1)
    pmu_to_deepsleepmode.reg_snap.2          0x2000b69c   Data           4  gd32f4xx_pmu.o(.bss.pmu_to_deepsleepmode.reg_snap.2)
    [Anonymous Symbol]                       0x2000b69c   Section        0  gd32f4xx_pmu.o(.bss.pmu_to_deepsleepmode.reg_snap.2)
    pmu_to_deepsleepmode.reg_snap.3          0x2000b6a0   Data           4  gd32f4xx_pmu.o(.bss.pmu_to_deepsleepmode.reg_snap.3)
    [Anonymous Symbol]                       0x2000b6a0   Section        0  gd32f4xx_pmu.o(.bss.pmu_to_deepsleepmode.reg_snap.3)
    usbd_msc_maxlun                          0x2000b6a4   Data           1  usbd_msc_core.o(.bss.usbd_msc_maxlun)
    [Anonymous Symbol]                       0x2000b6a4   Section        0  usbd_msc_core.o(.bss.usbd_msc_maxlun)
    Heap_Mem                                 0x2000b6a8   Data        1024  startup_gd32f407_427.o(HEAP)
    HEAP                                     0x2000b6a8   Section     1024  startup_gd32f407_427.o(HEAP)
    Stack_Mem                                0x2000baa8   Data        1024  startup_gd32f407_427.o(STACK)
    STACK                                    0x2000baa8   Section     1024  startup_gd32f407_427.o(STACK)
    __initial_sp                             0x2000bea8   Data           0  startup_gd32f407_427.o(STACK)

    Global Symbols

    Symbol Name                              Value     Ov Type        Size  Object(Section)

    BuildAttributes$$THM_ISAv4$E$P$D$K$B$S$7EM$VFPi3$EXTD16$VFPS$VFMA$PE$A:L22UL41UL21$X:L11$S22US41US21$IEEE1$IW$~IW$USESV6$~STKCKD$USESV7$~SHL$OTIME$ROPI$EBA8$UX$STANDARDLIB$REQ8$PRES8$EABIv2 0x00000000   Number         0  anon$$obj.o ABSOLUTE
    __ARM_exceptions_init                     - Undefined Weak Reference
    __alloca_initialize                       - Undefined Weak Reference
    __arm_preinit_                            - Undefined Weak Reference
    __cpp_initialize__aeabi_                  - Undefined Weak Reference
    __cxa_finalize                            - Undefined Weak Reference
    __rt_locale                               - Undefined Weak Reference
    __sigvec_lookup                           - Undefined Weak Reference
    _atexit_init                              - Undefined Weak Reference
    _call_atexit_fns                          - Undefined Weak Reference
    _clock_init                               - Undefined Weak Reference
    _fp_trap_init                             - Undefined Weak Reference
    _fp_trap_shutdown                         - Undefined Weak Reference
    _get_lc_collate                           - Undefined Weak Reference
    _get_lc_ctype                             - Undefined Weak Reference
    _get_lc_monetary                          - Undefined Weak Reference
    _get_lc_numeric                           - Undefined Weak Reference
    _get_lc_time                              - Undefined Weak Reference
    _getenv_init                              - Undefined Weak Reference
    _handle_redirection                       - Undefined Weak Reference
    _init_alloc                               - Undefined Weak Reference
    _init_user_alloc                          - Undefined Weak Reference
    _initio                                   - Undefined Weak Reference
    _rand_init                                - Undefined Weak Reference
    _signal_finish                            - Undefined Weak Reference
    _signal_init                              - Undefined Weak Reference
    _terminate_alloc                          - Undefined Weak Reference
    _terminate_user_alloc                     - Undefined Weak Reference
    _terminateio                              - Undefined Weak Reference
    __Vectors_Size                           0x00000188   Number         0  startup_gd32f407_427.o ABSOLUTE
    __Vectors                                0x08000000   Data           4  startup_gd32f407_427.o(RESET)
    __Vectors_End                            0x08000188   Data           0  startup_gd32f407_427.o(RESET)
    __main                                   0x08000189   Thumb Code     8  __main.o(!!!main)
    __scatterload                            0x08000191   Thumb Code     0  __scatter.o(!!!scatter)
    __scatterload_rt2                        0x08000191   Thumb Code    44  __scatter.o(!!!scatter)
    __scatterload_rt2_thumb_only             0x08000191   Thumb Code     0  __scatter.o(!!!scatter)
    __scatterload_null                       0x0800019f   Thumb Code     0  __scatter.o(!!!scatter)
    __decompress                             0x080001c5   Thumb Code    58  __dczerorl.o(!!dczerorl)
    __decompress0                            0x080001c5   Thumb Code     0  __dczerorl.o(!!dczerorl)
    __scatterload_zeroinit                   0x08000201   Thumb Code    28  __scatter_zi.o(!!handler_zi)
    __rt_lib_init                            0x0800021d   Thumb Code     0  libinit.o(.ARM.Collect$$libinit$$00000000)
    __rt_lib_init_fp_1                       0x0800021f   Thumb Code     0  libinit2.o(.ARM.Collect$$libinit$$00000001)
    __rt_lib_init_alloca_1                   0x08000223   Thumb Code     0  libinit2.o(.ARM.Collect$$libinit$$0000002E)
    __rt_lib_init_argv_1                     0x08000223   Thumb Code     0  libinit2.o(.ARM.Collect$$libinit$$0000002C)
    __rt_lib_init_atexit_1                   0x08000223   Thumb Code     0  libinit2.o(.ARM.Collect$$libinit$$0000001B)
    __rt_lib_init_clock_1                    0x08000223   Thumb Code     0  libinit2.o(.ARM.Collect$$libinit$$00000021)
    __rt_lib_init_cpp_1                      0x08000223   Thumb Code     0  libinit2.o(.ARM.Collect$$libinit$$00000032)
    __rt_lib_init_exceptions_1               0x08000223   Thumb Code     0  libinit2.o(.ARM.Collect$$libinit$$00000030)
    __rt_lib_init_fp_trap_1                  0x08000223   Thumb Code     0  libinit2.o(.ARM.Collect$$libinit$$0000001F)
    __rt_lib_init_getenv_1                   0x08000223   Thumb Code     0  libinit2.o(.ARM.Collect$$libinit$$00000023)
    __rt_lib_init_heap_1                     0x08000223   Thumb Code     0  libinit2.o(.ARM.Collect$$libinit$$0000000A)
    __rt_lib_init_lc_collate_1               0x08000223   Thumb Code     0  libinit2.o(.ARM.Collect$$libinit$$00000011)
    __rt_lib_init_lc_ctype_1                 0x08000223   Thumb Code     0  libinit2.o(.ARM.Collect$$libinit$$00000013)
    __rt_lib_init_lc_monetary_1              0x08000223   Thumb Code     0  libinit2.o(.ARM.Collect$$libinit$$00000015)
    __rt_lib_init_lc_numeric_1               0x08000223   Thumb Code     0  libinit2.o(.ARM.Collect$$libinit$$00000017)
    __rt_lib_init_lc_time_1                  0x08000223   Thumb Code     0  libinit2.o(.ARM.Collect$$libinit$$00000019)
    __rt_lib_init_preinit_1                  0x08000223   Thumb Code     0  libinit2.o(.ARM.Collect$$libinit$$00000004)
    __rt_lib_init_rand_1                     0x08000223   Thumb Code     0  libinit2.o(.ARM.Collect$$libinit$$0000000E)
    __rt_lib_init_return                     0x08000223   Thumb Code     0  libinit2.o(.ARM.Collect$$libinit$$00000033)
    __rt_lib_init_signal_1                   0x08000223   Thumb Code     0  libinit2.o(.ARM.Collect$$libinit$$0000001D)
    __rt_lib_init_stdio_1                    0x08000223   Thumb Code     0  libinit2.o(.ARM.Collect$$libinit$$00000025)
    __rt_lib_init_user_alloc_1               0x08000223   Thumb Code     0  libinit2.o(.ARM.Collect$$libinit$$0000000C)
    __rt_lib_shutdown                        0x08000225   Thumb Code     0  libshutdown.o(.ARM.Collect$$libshutdown$$00000000)
    __rt_lib_shutdown_cpp_1                  0x08000227   Thumb Code     0  libshutdown2.o(.ARM.Collect$$libshutdown$$00000002)
    __rt_lib_shutdown_fp_trap_1              0x08000227   Thumb Code     0  libshutdown2.o(.ARM.Collect$$libshutdown$$00000007)
    __rt_lib_shutdown_heap_1                 0x08000227   Thumb Code     0  libshutdown2.o(.ARM.Collect$$libshutdown$$0000000F)
    __rt_lib_shutdown_return                 0x08000227   Thumb Code     0  libshutdown2.o(.ARM.Collect$$libshutdown$$00000010)
    __rt_lib_shutdown_signal_1               0x08000227   Thumb Code     0  libshutdown2.o(.ARM.Collect$$libshutdown$$0000000A)
    __rt_lib_shutdown_stdio_1                0x08000227   Thumb Code     0  libshutdown2.o(.ARM.Collect$$libshutdown$$00000004)
    __rt_lib_shutdown_user_alloc_1           0x08000227   Thumb Code     0  libshutdown2.o(.ARM.Collect$$libshutdown$$0000000C)
    __rt_entry                               0x08000229   Thumb Code     0  __rtentry.o(.ARM.Collect$$rtentry$$00000000)
    __rt_entry_presh_1                       0x08000229   Thumb Code     0  __rtentry2.o(.ARM.Collect$$rtentry$$00000002)
    __rt_entry_sh                            0x08000229   Thumb Code     0  __rtentry4.o(.ARM.Collect$$rtentry$$00000004)
    __rt_entry_li                            0x0800022f   Thumb Code     0  __rtentry2.o(.ARM.Collect$$rtentry$$0000000A)
    __rt_entry_postsh_1                      0x0800022f   Thumb Code     0  __rtentry2.o(.ARM.Collect$$rtentry$$00000009)
    __rt_entry_main                          0x08000233   Thumb Code     0  __rtentry2.o(.ARM.Collect$$rtentry$$0000000D)
    __rt_entry_postli_1                      0x08000233   Thumb Code     0  __rtentry2.o(.ARM.Collect$$rtentry$$0000000C)
    __rt_exit                                0x0800023b   Thumb Code     0  rtexit.o(.ARM.Collect$$rtexit$$00000000)
    __rt_exit_ls                             0x0800023d   Thumb Code     0  rtexit2.o(.ARM.Collect$$rtexit$$00000003)
    __rt_exit_prels_1                        0x0800023d   Thumb Code     0  rtexit2.o(.ARM.Collect$$rtexit$$00000002)
    __rt_exit_exit                           0x08000241   Thumb Code     0  rtexit2.o(.ARM.Collect$$rtexit$$00000004)
    Reset_Handler                            0x08000249   Thumb Code     8  startup_gd32f407_427.o(.text)
    ADC_IRQHandler                           0x08000263   Thumb Code     0  startup_gd32f407_427.o(.text)
    CAN0_EWMC_IRQHandler                     0x08000263   Thumb Code     0  startup_gd32f407_427.o(.text)
    CAN0_RX0_IRQHandler                      0x08000263   Thumb Code     0  startup_gd32f407_427.o(.text)
    CAN0_RX1_IRQHandler                      0x08000263   Thumb Code     0  startup_gd32f407_427.o(.text)
    CAN0_TX_IRQHandler                       0x08000263   Thumb Code     0  startup_gd32f407_427.o(.text)
    CAN1_EWMC_IRQHandler                     0x08000263   Thumb Code     0  startup_gd32f407_427.o(.text)
    CAN1_RX0_IRQHandler                      0x08000263   Thumb Code     0  startup_gd32f407_427.o(.text)
    CAN1_RX1_IRQHandler                      0x08000263   Thumb Code     0  startup_gd32f407_427.o(.text)
    CAN1_TX_IRQHandler                       0x08000263   Thumb Code     0  startup_gd32f407_427.o(.text)
    DCI_IRQHandler                           0x08000263   Thumb Code     0  startup_gd32f407_427.o(.text)
    DMA0_Channel0_IRQHandler                 0x08000263   Thumb Code     0  startup_gd32f407_427.o(.text)
    DMA0_Channel1_IRQHandler                 0x08000263   Thumb Code     0  startup_gd32f407_427.o(.text)
    DMA0_Channel2_IRQHandler                 0x08000263   Thumb Code     0  startup_gd32f407_427.o(.text)
    DMA0_Channel3_IRQHandler                 0x08000263   Thumb Code     0  startup_gd32f407_427.o(.text)
    DMA0_Channel4_IRQHandler                 0x08000263   Thumb Code     0  startup_gd32f407_427.o(.text)
    DMA0_Channel5_IRQHandler                 0x08000263   Thumb Code     0  startup_gd32f407_427.o(.text)
    DMA0_Channel6_IRQHandler                 0x08000263   Thumb Code     0  startup_gd32f407_427.o(.text)
    DMA0_Channel7_IRQHandler                 0x08000263   Thumb Code     0  startup_gd32f407_427.o(.text)
    DMA1_Channel0_IRQHandler                 0x08000263   Thumb Code     0  startup_gd32f407_427.o(.text)
    DMA1_Channel1_IRQHandler                 0x08000263   Thumb Code     0  startup_gd32f407_427.o(.text)
    DMA1_Channel2_IRQHandler                 0x08000263   Thumb Code     0  startup_gd32f407_427.o(.text)
    DMA1_Channel3_IRQHandler                 0x08000263   Thumb Code     0  startup_gd32f407_427.o(.text)
    DMA1_Channel4_IRQHandler                 0x08000263   Thumb Code     0  startup_gd32f407_427.o(.text)
    DMA1_Channel5_IRQHandler                 0x08000263   Thumb Code     0  startup_gd32f407_427.o(.text)
    DMA1_Channel6_IRQHandler                 0x08000263   Thumb Code     0  startup_gd32f407_427.o(.text)
    DMA1_Channel7_IRQHandler                 0x08000263   Thumb Code     0  startup_gd32f407_427.o(.text)
    ENET_IRQHandler                          0x08000263   Thumb Code     0  startup_gd32f407_427.o(.text)
    ENET_WKUP_IRQHandler                     0x08000263   Thumb Code     0  startup_gd32f407_427.o(.text)
    EXMC_IRQHandler                          0x08000263   Thumb Code     0  startup_gd32f407_427.o(.text)
    EXTI0_IRQHandler                         0x08000263   Thumb Code     0  startup_gd32f407_427.o(.text)
    EXTI10_15_IRQHandler                     0x08000263   Thumb Code     0  startup_gd32f407_427.o(.text)
    EXTI1_IRQHandler                         0x08000263   Thumb Code     0  startup_gd32f407_427.o(.text)
    EXTI2_IRQHandler                         0x08000263   Thumb Code     0  startup_gd32f407_427.o(.text)
    EXTI3_IRQHandler                         0x08000263   Thumb Code     0  startup_gd32f407_427.o(.text)
    EXTI4_IRQHandler                         0x08000263   Thumb Code     0  startup_gd32f407_427.o(.text)
    EXTI5_9_IRQHandler                       0x08000263   Thumb Code     0  startup_gd32f407_427.o(.text)
    FMC_IRQHandler                           0x08000263   Thumb Code     0  startup_gd32f407_427.o(.text)
    FPU_IRQHandler                           0x08000263   Thumb Code     0  startup_gd32f407_427.o(.text)
    I2C0_ER_IRQHandler                       0x08000263   Thumb Code     0  startup_gd32f407_427.o(.text)
    I2C0_EV_IRQHandler                       0x08000263   Thumb Code     0  startup_gd32f407_427.o(.text)
    I2C1_ER_IRQHandler                       0x08000263   Thumb Code     0  startup_gd32f407_427.o(.text)
    I2C1_EV_IRQHandler                       0x08000263   Thumb Code     0  startup_gd32f407_427.o(.text)
    I2C2_ER_IRQHandler                       0x08000263   Thumb Code     0  startup_gd32f407_427.o(.text)
    I2C2_EV_IRQHandler                       0x08000263   Thumb Code     0  startup_gd32f407_427.o(.text)
    LVD_IRQHandler                           0x08000263   Thumb Code     0  startup_gd32f407_427.o(.text)
    RCU_CTC_IRQHandler                       0x08000263   Thumb Code     0  startup_gd32f407_427.o(.text)
    RTC_Alarm_IRQHandler                     0x08000263   Thumb Code     0  startup_gd32f407_427.o(.text)
    RTC_WKUP_IRQHandler                      0x08000263   Thumb Code     0  startup_gd32f407_427.o(.text)
    SDIO_IRQHandler                          0x08000263   Thumb Code     0  startup_gd32f407_427.o(.text)
    SPI0_IRQHandler                          0x08000263   Thumb Code     0  startup_gd32f407_427.o(.text)
    SPI1_IRQHandler                          0x08000263   Thumb Code     0  startup_gd32f407_427.o(.text)
    SPI2_IRQHandler                          0x08000263   Thumb Code     0  startup_gd32f407_427.o(.text)
    TAMPER_STAMP_IRQHandler                  0x08000263   Thumb Code     0  startup_gd32f407_427.o(.text)
    TIMER0_BRK_TIMER8_IRQHandler             0x08000263   Thumb Code     0  startup_gd32f407_427.o(.text)
    TIMER0_Channel_IRQHandler                0x08000263   Thumb Code     0  startup_gd32f407_427.o(.text)
    TIMER0_TRG_CMT_TIMER10_IRQHandler        0x08000263   Thumb Code     0  startup_gd32f407_427.o(.text)
    TIMER0_UP_TIMER9_IRQHandler              0x08000263   Thumb Code     0  startup_gd32f407_427.o(.text)
    TIMER1_IRQHandler                        0x08000263   Thumb Code     0  startup_gd32f407_427.o(.text)
    TIMER3_IRQHandler                        0x08000263   Thumb Code     0  startup_gd32f407_427.o(.text)
    TIMER4_IRQHandler                        0x08000263   Thumb Code     0  startup_gd32f407_427.o(.text)
    TIMER5_DAC_IRQHandler                    0x08000263   Thumb Code     0  startup_gd32f407_427.o(.text)
    TIMER6_IRQHandler                        0x08000263   Thumb Code     0  startup_gd32f407_427.o(.text)
    TIMER7_BRK_TIMER11_IRQHandler            0x08000263   Thumb Code     0  startup_gd32f407_427.o(.text)
    TIMER7_Channel_IRQHandler                0x08000263   Thumb Code     0  startup_gd32f407_427.o(.text)
    TIMER7_TRG_CMT_TIMER13_IRQHandler        0x08000263   Thumb Code     0  startup_gd32f407_427.o(.text)
    TIMER7_UP_TIMER12_IRQHandler             0x08000263   Thumb Code     0  startup_gd32f407_427.o(.text)
    TRNG_IRQHandler                          0x08000263   Thumb Code     0  startup_gd32f407_427.o(.text)
    UART3_IRQHandler                         0x08000263   Thumb Code     0  startup_gd32f407_427.o(.text)
    UART4_IRQHandler                         0x08000263   Thumb Code     0  startup_gd32f407_427.o(.text)
    USART0_IRQHandler                        0x08000263   Thumb Code     0  startup_gd32f407_427.o(.text)
    USART1_IRQHandler                        0x08000263   Thumb Code     0  startup_gd32f407_427.o(.text)
    USART2_IRQHandler                        0x08000263   Thumb Code     0  startup_gd32f407_427.o(.text)
    USART5_IRQHandler                        0x08000263   Thumb Code     0  startup_gd32f407_427.o(.text)
    USBHS_EP1_In_IRQHandler                  0x08000263   Thumb Code     0  startup_gd32f407_427.o(.text)
    USBHS_EP1_Out_IRQHandler                 0x08000263   Thumb Code     0  startup_gd32f407_427.o(.text)
    USBHS_IRQHandler                         0x08000263   Thumb Code     0  startup_gd32f407_427.o(.text)
    USBHS_WKUP_IRQHandler                    0x08000263   Thumb Code     0  startup_gd32f407_427.o(.text)
    WWDGT_IRQHandler                         0x08000263   Thumb Code     0  startup_gd32f407_427.o(.text)
    __user_initial_stackheap                 0x08000265   Thumb Code    10  startup_gd32f407_427.o(.text)
    __aeabi_memclr4                          0x08000289   Thumb Code     0  rt_memclr_w.o(.text)
    __aeabi_memclr8                          0x08000289   Thumb Code     0  rt_memclr_w.o(.text)
    __rt_memclr_w                            0x08000289   Thumb Code     0  rt_memclr_w.o(.text)
    _memset_w                                0x0800028d   Thumb Code    74  rt_memclr_w.o(.text)
    __use_two_region_memory                  0x080002d7   Thumb Code     2  heapauxi.o(.text)
    __rt_heap_escrow$2region                 0x080002d9   Thumb Code     2  heapauxi.o(.text)
    __rt_heap_expand$2region                 0x080002db   Thumb Code     2  heapauxi.o(.text)
    __user_setup_stackheap                   0x080002dd   Thumb Code    74  sys_stackheap_outer.o(.text)
    exit                                     0x08000327   Thumb Code    18  exit.o(.text)
    __user_libspace                          0x08000339   Thumb Code     8  libspace.o(.text)
    __user_perproc_libspace                  0x08000339   Thumb Code     0  libspace.o(.text)
    __user_perthread_libspace                0x08000339   Thumb Code     0  libspace.o(.text)
    _sys_exit                                0x08000341   Thumb Code     8  sys_exit.o(.text)
    __I$use$semihosting                      0x0800034d   Thumb Code     0  use_no_semi.o(.text)
    __use_no_semihosting_swi                 0x0800034d   Thumb Code     2  use_no_semi.o(.text)
    __semihosting_library_function           0x0800034f   Thumb Code     0  indicate_semi.o(.text)
    BusFault_Handler                         0x08000351   Thumb Code     2  gd32f4xx_it.o(.text.BusFault_Handler)
    DebugMon_Handler                         0x08000355   Thumb Code     2  gd32f4xx_it.o(.text.DebugMon_Handler)
    HardFault_Handler                        0x08000359   Thumb Code     2  gd32f4xx_it.o(.text.HardFault_Handler)
    MemManage_Handler                        0x0800035d   Thumb Code     2  gd32f4xx_it.o(.text.MemManage_Handler)
    NMI_Handler                              0x08000361   Thumb Code     2  gd32f4xx_it.o(.text.NMI_Handler)
    PendSV_Handler                           0x08000365   Thumb Code     2  gd32f4xx_it.o(.text.PendSV_Handler)
    SRAM_ReadMultiBlocks                     0x08000369   Thumb Code    62  sram_msd.o(.text.SRAM_ReadMultiBlocks)
    SRAM_WriteMultiBlocks                    0x080003a9   Thumb Code    62  sram_msd.o(.text.SRAM_WriteMultiBlocks)
    SVC_Handler                              0x08000429   Thumb Code     2  gd32f4xx_it.o(.text.SVC_Handler)
    SysTick_Handler                          0x0800042d   Thumb Code     2  gd32f4xx_it.o(.text.SysTick_Handler)
    SystemInit                               0x08000431   Thumb Code   186  system_gd32f4xx.o(.text.SystemInit)
    TIMER2_IRQHandler                        0x080004ed   Thumb Code     8  gd32f4xx_it.o(.text.TIMER2_IRQHandler)
    USBFS_IRQHandler                         0x080004f5   Thumb Code    16  gd32f4xx_it.o(.text.USBFS_IRQHandler)
    USBFS_WKUP_IRQHandler                    0x08000505   Thumb Code    60  gd32f4xx_it.o(.text.USBFS_WKUP_IRQHandler)
    UsageFault_Handler                       0x08000541   Thumb Code     2  gd32f4xx_it.o(.text.UsageFault_Handler)
    exti_interrupt_flag_clear                0x0800093d   Thumb Code    12  gd32f4xx_exti.o(.text.exti_interrupt_flag_clear)
    gpio_af_set                              0x08000949   Thumb Code   110  gd32f4xx_gpio.o(.text.gpio_af_set)
    gpio_mode_set                            0x080009b9   Thumb Code    84  gd32f4xx_gpio.o(.text.gpio_mode_set)
    gpio_output_options_set                  0x08000a0d   Thumb Code    70  gd32f4xx_gpio.o(.text.gpio_output_options_set)
    int_to_unicode                           0x08000b05   Thumb Code    54  usbd_enum.o(.text.int_to_unicode)
    main                                     0x08000b3d   Thumb Code    50  app.o(.text.main)
    msc_bbb_clrfeature                       0x08000c61   Thumb Code    56  usbd_msc_bbb.o(.text.msc_bbb_clrfeature)
    msc_bbb_csw_send                         0x08000c99   Thumb Code    62  usbd_msc_bbb.o(.text.msc_bbb_csw_send)
    msc_bbb_data_in                          0x08000cd9   Thumb Code    68  usbd_msc_bbb.o(.text.msc_bbb_data_in)
    msc_bbb_data_out                         0x08000d1d   Thumb Code    62  usbd_msc_bbb.o(.text.msc_bbb_data_out)
    msc_bbb_deinit                           0x08000d99   Thumb Code    14  usbd_msc_bbb.o(.text.msc_bbb_deinit)
    msc_bbb_init                             0x08000da9   Thumb Code    66  usbd_msc_bbb.o(.text.msc_bbb_init)
    msc_bbb_reset                            0x08000ded   Thumb Code    32  usbd_msc_bbb.o(.text.msc_bbb_reset)
    nvic_irq_enable                          0x08000ef9   Thumb Code   162  gd32f4xx_misc.o(.text.nvic_irq_enable)
    nvic_priority_group_set                  0x08000f9d   Thumb Code    20  gd32f4xx_misc.o(.text.nvic_priority_group_set)
    pmu_to_deepsleepmode                     0x08000fb1   Thumb Code   250  gd32f4xx_pmu.o(.text.pmu_to_deepsleepmode)
    rcu_ck48m_clock_config                   0x080010ad   Thumb Code    20  gd32f4xx_rcu.o(.text.rcu_ck48m_clock_config)
    rcu_clock_freq_get                       0x080010c1   Thumb Code   172  gd32f4xx_rcu.o(.text.rcu_clock_freq_get)
    rcu_flag_get                             0x08001185   Thumb Code    26  gd32f4xx_rcu.o(.text.rcu_flag_get)
    rcu_osci_on                              0x080011a1   Thumb Code    30  gd32f4xx_rcu.o(.text.rcu_osci_on)
    rcu_periph_clock_enable                  0x080011c1   Thumb Code    30  gd32f4xx_rcu.o(.text.rcu_periph_clock_enable)
    rcu_pll48m_clock_config                  0x080011e1   Thumb Code    20  gd32f4xx_rcu.o(.text.rcu_pll48m_clock_config)
    rcu_system_clock_source_config           0x080011f5   Thumb Code    20  gd32f4xx_rcu.o(.text.rcu_system_clock_source_config)
    rcu_system_clock_source_get              0x08001209   Thumb Code    16  gd32f4xx_rcu.o(.text.rcu_system_clock_source_get)
    scsi_process_cmd                         0x08001349   Thumb Code   352  usbd_msc_scsi.o(.text.scsi_process_cmd)
    scsi_sense_code                          0x080017a5   Thumb Code    54  usbd_msc_scsi.o(.text.scsi_sense_code)
    serial_string_get                        0x080019b1   Thumb Code    72  usbd_enum.o(.text.serial_string_get)
    timer_auto_reload_shadow_enable          0x08001abd   Thumb Code    10  gd32f4xx_timer.o(.text.timer_auto_reload_shadow_enable)
    timer_disable                            0x08001ac9   Thumb Code    10  gd32f4xx_timer.o(.text.timer_disable)
    timer_enable                             0x08001ad5   Thumb Code    10  gd32f4xx_timer.o(.text.timer_enable)
    timer_init                               0x08001ae1   Thumb Code   172  gd32f4xx_timer.o(.text.timer_init)
    timer_interrupt_disable                  0x08001b8d   Thumb Code    10  gd32f4xx_timer.o(.text.timer_interrupt_disable)
    timer_interrupt_enable                   0x08001b99   Thumb Code     8  gd32f4xx_timer.o(.text.timer_interrupt_enable)
    timer_interrupt_flag_clear               0x08001ba1   Thumb Code     6  gd32f4xx_timer.o(.text.timer_interrupt_flag_clear)
    timer_interrupt_flag_get                 0x08001ba9   Thumb Code    22  gd32f4xx_timer.o(.text.timer_interrupt_flag_get)
    usb_basic_init                           0x08001bc1   Thumb Code   210  drv_usb_core.o(.text.usb_basic_init)
    usb_clock_active                         0x08001c95   Thumb Code    28  drv_usb_dev.o(.text.usb_clock_active)
    usb_core_init                            0x08001cb1   Thumb Code   146  drv_usb_core.o(.text.usb_core_init)
    usb_ctlep_startout                       0x08001d61   Thumb Code    34  drv_usb_dev.o(.text.usb_ctlep_startout)
    usb_curmode_set                          0x08001d85   Thumb Code    36  drv_usb_core.o(.text.usb_curmode_set)
    usb_devcore_init                         0x08001dd5   Thumb Code   240  drv_usb_dev.o(.text.usb_devcore_init)
    usb_devint_enable                        0x08001ecd   Thumb Code    54  drv_usb_dev.o(.text.usb_devint_enable)
    usb_gpio_config                          0x08001f1d   Thumb Code    66  gd32f4xx_hw.o(.text.usb_gpio_config)
    usb_iepintr_read                         0x08001f71   Thumb Code    28  drv_usb_dev.o(.text.usb_iepintr_read)
    usb_intr_config                          0x08001f8d   Thumb Code    22  gd32f4xx_hw.o(.text.usb_intr_config)
    usb_mdelay                               0x08001fa5   Thumb Code    10  gd32f4xx_hw.o(.text.usb_mdelay)
    usb_rcu_config                           0x08001fd1   Thumb Code    24  gd32f4xx_hw.o(.text.usb_rcu_config)
    usb_rxfifo_flush                         0x08001fe9   Thumb Code    24  drv_usb_core.o(.text.usb_rxfifo_flush)
    usb_rxfifo_read                          0x08002001   Thumb Code    32  drv_usb_core.o(.text.usb_rxfifo_read)
    usb_set_txfifo                           0x08002029   Thumb Code    76  drv_usb_core.o(.text.usb_set_txfifo)
    usb_timer_init                           0x08002075   Thumb Code    30  gd32f4xx_hw.o(.text.usb_timer_init)
    usb_timer_irq                            0x08002095   Thumb Code    60  gd32f4xx_hw.o(.text.usb_timer_irq)
    usb_transc_active                        0x080020d1   Thumb Code   156  drv_usb_dev.o(.text.usb_transc_active)
    usb_transc_clrstall                      0x0800216d   Thumb Code    52  drv_usb_dev.o(.text.usb_transc_clrstall)
    usb_transc_deactivate                    0x080021a1   Thumb Code    52  drv_usb_dev.o(.text.usb_transc_deactivate)
    usb_transc_inxfer                        0x080021d5   Thumb Code   220  drv_usb_dev.o(.text.usb_transc_inxfer)
    usb_transc_outxfer                       0x080022b1   Thumb Code   102  drv_usb_dev.o(.text.usb_transc_outxfer)
    usb_transc_stall                         0x08002319   Thumb Code    52  drv_usb_dev.o(.text.usb_transc_stall)
    usb_txfifo_flush                         0x0800234d   Thumb Code    28  drv_usb_core.o(.text.usb_txfifo_flush)
    usb_txfifo_write                         0x08002369   Thumb Code    38  drv_usb_core.o(.text.usb_txfifo_write)
    usb_udelay                               0x08002391   Thumb Code    10  gd32f4xx_hw.o(.text.usb_udelay)
    usbd_class_request                       0x080023a5   Thumb Code    32  usbd_enum.o(.text.usbd_class_request)
    usbd_connect                             0x080023c5   Thumb Code    14  usbd_core.o(.text.usbd_connect)
    usbd_ctl_recev                           0x080023d5   Thumb Code    44  usbd_transc.o(.text.usbd_ctl_recev)
    usbd_ctl_send                            0x08002401   Thumb Code    44  usbd_transc.o(.text.usbd_ctl_send)
    usbd_ctl_status_recev                    0x0800242d   Thumb Code    32  usbd_transc.o(.text.usbd_ctl_status_recev)
    usbd_ctl_status_send                     0x0800244d   Thumb Code    32  usbd_transc.o(.text.usbd_ctl_status_send)
    usbd_disconnect                          0x0800246d   Thumb Code    14  usbd_core.o(.text.usbd_disconnect)
    usbd_enum_error                          0x0800252d   Thumb Code    26  usbd_enum.o(.text.usbd_enum_error)
    usbd_ep_clear                            0x08002549   Thumb Code    46  usbd_core.o(.text.usbd_ep_clear)
    usbd_ep_recev                            0x08002579   Thumb Code    52  usbd_core.o(.text.usbd_ep_recev)
    usbd_ep_send                             0x080025ad   Thumb Code    50  usbd_core.o(.text.usbd_ep_send)
    usbd_ep_setup                            0x080025e1   Thumb Code   114  usbd_core.o(.text.usbd_ep_setup)
    usbd_ep_stall                            0x08002655   Thumb Code    50  usbd_core.o(.text.usbd_ep_stall)
    usbd_ep_stall_clear                      0x08002689   Thumb Code    50  usbd_core.o(.text.usbd_ep_stall_clear)
    usbd_fifo_flush                          0x080026bd   Thumb Code    34  usbd_core.o(.text.usbd_fifo_flush)
    usbd_in_transc                           0x080026e1   Thumb Code   146  usbd_transc.o(.text.usbd_in_transc)
    usbd_init                                0x08002775   Thumb Code    96  usbd_core.o(.text.usbd_init)
    usbd_isr                                 0x08002b45   Thumb Code   212  drv_usbd_int.o(.text.usbd_isr)
    usbd_out_transc                          0x08002c19   Thumb Code   118  usbd_transc.o(.text.usbd_out_transc)
    usbd_setup_transc                        0x08002c99   Thumb Code   126  usbd_transc.o(.text.usbd_setup_transc)
    usbd_standard_request                    0x08002d19   Thumb Code    16  usbd_enum.o(.text.usbd_standard_request)
    usbd_vendor_request                      0x08002d5d   Thumb Code     4  usbd_enum.o(.text.usbd_vendor_request)
    _fp_init                                 0x08002d61   Thumb Code    26  fpinit.o(x$fpl$fpinit)
    __fplib_config_fpu_vfp                   0x08002d79   Thumb Code     0  fpinit.o(x$fpl$fpinit)
    __fplib_config_pureend_doubles           0x08002d79   Thumb Code     0  fpinit.o(x$fpl$fpinit)
    STORAGE_InquiryData                      0x08002d7a   Data          36  usbd_storage_msd.o(.rodata.STORAGE_InquiryData)
    ep_type                                  0x08002da4   Data          16  usbd_core.o(.rodata.ep_type)
    msc_config_desc                          0x08002eb6   Data          32  usbd_msc_core.o(.rodata.msc_config_desc)
    msc_dev_desc                             0x08002ed6   Data          18  usbd_msc_core.o(.rodata.msc_dev_desc)
    msc_mode_sense10_data                    0x08002ee8   Data           8  usbd_msc_scsi.o(.rodata.msc_mode_sense10_data)
    msc_mode_sense6_data                     0x08002ef0   Data           8  usbd_msc_scsi.o(.rodata.msc_mode_sense6_data)
    msc_page00_inquiry_data                  0x08002ef8   Data           7  usbd_msc_scsi.o(.rodata.msc_page00_inquiry_data)
    Region$$Table$$Base                      0x08003018   Number         0  anon$$obj.o(Region$$Table)
    Region$$Table$$Limit                     0x08003038   Number         0  anon$$obj.o(Region$$Table)
    USBD_Internal_Storage_fops               0x20000000   Data          40  usbd_storage_msd.o(.data.USBD_Internal_Storage_fops)
    msc_class                                0x20000028   Data          48  usbd_msc_core.o(.data.msc_class)
    msc_desc                                 0x20000058   Data          16  usbd_msc_core.o(.data.msc_desc)
    timer_prescaler                          0x2000016a   Data           2  gd32f4xx_hw.o(.data.timer_prescaler)
    usbd_mem_fops                            0x2000016c   Data           4  usbd_storage_msd.o(.data.usbd_mem_fops)
    __libspace_start                         0x20000170   Data          96  libspace.o(.bss)
    SRAM                                     0x200001d0   Data       40960  app.o(.bss.SRAM)
    __temporary_stack_top$libspace           0x200001d0   Data           0  libspace.o(.bss)
    delay_time                               0x2000a1d4   Data           4  gd32f4xx_hw.o(.bss.delay_time)
    msc_udisk                                0x2000b258   Data        1084  app.o(.bss.msc_udisk)



==============================================================================

Memory Map of the image

  Image Entry point : 0x08000189

  Load Region LR_IROM1 (Base: 0x08000000, Size: 0x000031a8, Max: 0x00300000, ABSOLUTE, COMPRESSED[0x00003088])

    Execution Region ER_IROM1 (Exec base: 0x08000000, Load base: 0x08000000, Size: 0x00003038, Max: 0x00300000, ABSOLUTE)

    Exec Addr    Load Addr    Size         Type   Attr      Idx    E Section Name        Object

    0x08000000   0x08000000   0x00000188   Data   RO         1015    RESET               startup_gd32f407_427.o
    0x08000188   0x08000188   0x00000008   Code   RO         1028  * !!!main             c_w.l(__main.o)
    0x08000190   0x08000190   0x00000034   Code   RO         1193    !!!scatter          c_w.l(__scatter.o)
    0x080001c4   0x080001c4   0x0000003a   Code   RO         1191    !!dczerorl          c_w.l(__dczerorl.o)
    0x080001fe   0x080001fe   0x00000002   PAD
    0x08000200   0x08000200   0x0000001c   Code   RO         1195    !!handler_zi        c_w.l(__scatter_zi.o)
    0x0800021c   0x0800021c   0x00000002   Code   RO         1055    .ARM.Collect$$libinit$$00000000  c_w.l(libinit.o)
    0x0800021e   0x0800021e   0x00000004   Code   RO         1061    .ARM.Collect$$libinit$$00000001  c_w.l(libinit2.o)
    0x08000222   0x08000222   0x00000000   Code   RO         1064    .ARM.Collect$$libinit$$00000004  c_w.l(libinit2.o)
    0x08000222   0x08000222   0x00000000   Code   RO         1067    .ARM.Collect$$libinit$$0000000A  c_w.l(libinit2.o)
    0x08000222   0x08000222   0x00000000   Code   RO         1069    .ARM.Collect$$libinit$$0000000C  c_w.l(libinit2.o)
    0x08000222   0x08000222   0x00000000   Code   RO         1071    .ARM.Collect$$libinit$$0000000E  c_w.l(libinit2.o)
    0x08000222   0x08000222   0x00000000   Code   RO         1074    .ARM.Collect$$libinit$$00000011  c_w.l(libinit2.o)
    0x08000222   0x08000222   0x00000000   Code   RO         1076    .ARM.Collect$$libinit$$00000013  c_w.l(libinit2.o)
    0x08000222   0x08000222   0x00000000   Code   RO         1078    .ARM.Collect$$libinit$$00000015  c_w.l(libinit2.o)
    0x08000222   0x08000222   0x00000000   Code   RO         1080    .ARM.Collect$$libinit$$00000017  c_w.l(libinit2.o)
    0x08000222   0x08000222   0x00000000   Code   RO         1082    .ARM.Collect$$libinit$$00000019  c_w.l(libinit2.o)
    0x08000222   0x08000222   0x00000000   Code   RO         1084    .ARM.Collect$$libinit$$0000001B  c_w.l(libinit2.o)
    0x08000222   0x08000222   0x00000000   Code   RO         1086    .ARM.Collect$$libinit$$0000001D  c_w.l(libinit2.o)
    0x08000222   0x08000222   0x00000000   Code   RO         1088    .ARM.Collect$$libinit$$0000001F  c_w.l(libinit2.o)
    0x08000222   0x08000222   0x00000000   Code   RO         1090    .ARM.Collect$$libinit$$00000021  c_w.l(libinit2.o)
    0x08000222   0x08000222   0x00000000   Code   RO         1092    .ARM.Collect$$libinit$$00000023  c_w.l(libinit2.o)
    0x08000222   0x08000222   0x00000000   Code   RO         1094    .ARM.Collect$$libinit$$00000025  c_w.l(libinit2.o)
    0x08000222   0x08000222   0x00000000   Code   RO         1098    .ARM.Collect$$libinit$$0000002C  c_w.l(libinit2.o)
    0x08000222   0x08000222   0x00000000   Code   RO         1100    .ARM.Collect$$libinit$$0000002E  c_w.l(libinit2.o)
    0x08000222   0x08000222   0x00000000   Code   RO         1102    .ARM.Collect$$libinit$$00000030  c_w.l(libinit2.o)
    0x08000222   0x08000222   0x00000000   Code   RO         1104    .ARM.Collect$$libinit$$00000032  c_w.l(libinit2.o)
    0x08000222   0x08000222   0x00000002   Code   RO         1105    .ARM.Collect$$libinit$$00000033  c_w.l(libinit2.o)
    0x08000224   0x08000224   0x00000002   Code   RO         1127    .ARM.Collect$$libshutdown$$00000000  c_w.l(libshutdown.o)
    0x08000226   0x08000226   0x00000000   Code   RO         1142    .ARM.Collect$$libshutdown$$00000002  c_w.l(libshutdown2.o)
    0x08000226   0x08000226   0x00000000   Code   RO         1144    .ARM.Collect$$libshutdown$$00000004  c_w.l(libshutdown2.o)
    0x08000226   0x08000226   0x00000000   Code   RO         1147    .ARM.Collect$$libshutdown$$00000007  c_w.l(libshutdown2.o)
    0x08000226   0x08000226   0x00000000   Code   RO         1150    .ARM.Collect$$libshutdown$$0000000A  c_w.l(libshutdown2.o)
    0x08000226   0x08000226   0x00000000   Code   RO         1152    .ARM.Collect$$libshutdown$$0000000C  c_w.l(libshutdown2.o)
    0x08000226   0x08000226   0x00000000   Code   RO         1155    .ARM.Collect$$libshutdown$$0000000F  c_w.l(libshutdown2.o)
    0x08000226   0x08000226   0x00000002   Code   RO         1156    .ARM.Collect$$libshutdown$$00000010  c_w.l(libshutdown2.o)
    0x08000228   0x08000228   0x00000000   Code   RO         1030    .ARM.Collect$$rtentry$$00000000  c_w.l(__rtentry.o)
    0x08000228   0x08000228   0x00000000   Code   RO         1032    .ARM.Collect$$rtentry$$00000002  c_w.l(__rtentry2.o)
    0x08000228   0x08000228   0x00000006   Code   RO         1044    .ARM.Collect$$rtentry$$00000004  c_w.l(__rtentry4.o)
    0x0800022e   0x0800022e   0x00000000   Code   RO         1034    .ARM.Collect$$rtentry$$00000009  c_w.l(__rtentry2.o)
    0x0800022e   0x0800022e   0x00000004   Code   RO         1035    .ARM.Collect$$rtentry$$0000000A  c_w.l(__rtentry2.o)
    0x08000232   0x08000232   0x00000000   Code   RO         1037    .ARM.Collect$$rtentry$$0000000C  c_w.l(__rtentry2.o)
    0x08000232   0x08000232   0x00000008   Code   RO         1038    .ARM.Collect$$rtentry$$0000000D  c_w.l(__rtentry2.o)
    0x0800023a   0x0800023a   0x00000002   Code   RO         1059    .ARM.Collect$$rtexit$$00000000  c_w.l(rtexit.o)
    0x0800023c   0x0800023c   0x00000000   Code   RO         1107    .ARM.Collect$$rtexit$$00000002  c_w.l(rtexit2.o)
    0x0800023c   0x0800023c   0x00000004   Code   RO         1108    .ARM.Collect$$rtexit$$00000003  c_w.l(rtexit2.o)
    0x08000240   0x08000240   0x00000006   Code   RO         1109    .ARM.Collect$$rtexit$$00000004  c_w.l(rtexit2.o)
    0x08000246   0x08000246   0x00000002   PAD
    0x08000248   0x08000248   0x00000040   Code   RO         1016    .text               startup_gd32f407_427.o
    0x08000288   0x08000288   0x0000004e   Code   RO         1024    .text               c_w.l(rt_memclr_w.o)
    0x080002d6   0x080002d6   0x00000006   Code   RO         1026    .text               c_w.l(heapauxi.o)
    0x080002dc   0x080002dc   0x0000004a   Code   RO         1046    .text               c_w.l(sys_stackheap_outer.o)
    0x08000326   0x08000326   0x00000012   Code   RO         1048    .text               c_w.l(exit.o)
    0x08000338   0x08000338   0x00000008   Code   RO         1056    .text               c_w.l(libspace.o)
    0x08000340   0x08000340   0x0000000c   Code   RO         1117    .text               c_w.l(sys_exit.o)
    0x0800034c   0x0800034c   0x00000002   Code   RO         1132    .text               c_w.l(use_no_semi.o)
    0x0800034e   0x0800034e   0x00000000   Code   RO         1134    .text               c_w.l(indicate_semi.o)
    0x0800034e   0x0800034e   0x00000002   PAD
    0x08000350   0x08000350   0x00000002   Code   RO           47    .text.BusFault_Handler  gd32f4xx_it.o
    0x08000352   0x08000352   0x00000002   PAD
    0x08000354   0x08000354   0x00000002   Code   RO           53    .text.DebugMon_Handler  gd32f4xx_it.o
    0x08000356   0x08000356   0x00000002   PAD
    0x08000358   0x08000358   0x00000002   Code   RO           43    .text.HardFault_Handler  gd32f4xx_it.o
    0x0800035a   0x0800035a   0x00000002   PAD
    0x0800035c   0x0800035c   0x00000002   Code   RO           45    .text.MemManage_Handler  gd32f4xx_it.o
    0x0800035e   0x0800035e   0x00000002   PAD
    0x08000360   0x08000360   0x00000002   Code   RO           41    .text.NMI_Handler   gd32f4xx_it.o
    0x08000362   0x08000362   0x00000002   PAD
    0x08000364   0x08000364   0x00000002   Code   RO           55    .text.PendSV_Handler  gd32f4xx_it.o
    0x08000366   0x08000366   0x00000002   PAD
    0x08000368   0x08000368   0x0000003e   Code   RO           74    .text.SRAM_ReadMultiBlocks  sram_msd.o
    0x080003a6   0x080003a6   0x00000002   PAD
    0x080003a8   0x080003a8   0x0000003e   Code   RO           76    .text.SRAM_WriteMultiBlocks  sram_msd.o
    0x080003e6   0x080003e6   0x00000002   PAD
    0x080003e8   0x080003e8   0x00000004   Code   RO           96    .text.STORAGE_GetMaxLun  usbd_storage_msd.o
    0x080003ec   0x080003ec   0x00000004   Code   RO           86    .text.STORAGE_Init  usbd_storage_msd.o
    0x080003f0   0x080003f0   0x00000004   Code   RO           88    .text.STORAGE_IsReady  usbd_storage_msd.o
    0x080003f4   0x080003f4   0x00000004   Code   RO           90    .text.STORAGE_IsWriteProtected  usbd_storage_msd.o
    0x080003f8   0x080003f8   0x00000016   Code   RO           92    .text.STORAGE_Read  usbd_storage_msd.o
    0x0800040e   0x0800040e   0x00000002   PAD
    0x08000410   0x08000410   0x00000016   Code   RO           94    .text.STORAGE_Write  usbd_storage_msd.o
    0x08000426   0x08000426   0x00000002   PAD
    0x08000428   0x08000428   0x00000002   Code   RO           51    .text.SVC_Handler   gd32f4xx_it.o
    0x0800042a   0x0800042a   0x00000002   PAD
    0x0800042c   0x0800042c   0x00000002   Code   RO           57    .text.SysTick_Handler  gd32f4xx_it.o
    0x0800042e   0x0800042e   0x00000002   PAD
    0x08000430   0x08000430   0x000000ba   Code   RO          109    .text.SystemInit    system_gd32f4xx.o
    0x080004ea   0x080004ea   0x00000002   PAD
    0x080004ec   0x080004ec   0x00000008   Code   RO           59    .text.TIMER2_IRQHandler  gd32f4xx_it.o
    0x080004f4   0x080004f4   0x00000010   Code   RO           65    .text.USBFS_IRQHandler  gd32f4xx_it.o
    0x08000504   0x08000504   0x0000003c   Code   RO           61    .text.USBFS_WKUP_IRQHandler  gd32f4xx_it.o
    0x08000540   0x08000540   0x00000002   Code   RO           49    .text.UsageFault_Handler  gd32f4xx_it.o
    0x08000542   0x08000542   0x00000002   PAD
    0x08000544   0x08000544   0x0000000c   Code   RO          862    .text._usb_bos_desc_get  usbd_enum.o
    0x08000550   0x08000550   0x0000000c   Code   RO          866    .text._usb_config_desc_get  usbd_enum.o
    0x0800055c   0x0800055c   0x0000000c   Code   RO          864    .text._usb_dev_desc_get  usbd_enum.o
    0x08000568   0x08000568   0x00000068   Code   RO          836    .text._usb_std_clearfeature  usbd_enum.o
    0x080005d0   0x080005d0   0x00000046   Code   RO          848    .text._usb_std_getconfiguration  usbd_enum.o
    0x08000616   0x08000616   0x00000002   PAD
    0x08000618   0x08000618   0x000000cc   Code   RO          844    .text._usb_std_getdescriptor  usbd_enum.o
    0x080006e4   0x080006e4   0x0000002e   Code   RO          852    .text._usb_std_getinterface  usbd_enum.o
    0x08000712   0x08000712   0x00000002   PAD
    0x08000714   0x08000714   0x000000be   Code   RO          834    .text._usb_std_getstatus  usbd_enum.o
    0x080007d2   0x080007d2   0x00000002   PAD
    0x080007d4   0x080007d4   0x00000004   Code   RO          838    .text._usb_std_reserved  usbd_enum.o
    0x080007d8   0x080007d8   0x0000003c   Code   RO          842    .text._usb_std_setaddress  usbd_enum.o
    0x08000814   0x08000814   0x0000008c   Code   RO          850    .text._usb_std_setconfiguration  usbd_enum.o
    0x080008a0   0x080008a0   0x00000004   Code   RO          846    .text._usb_std_setdescriptor  usbd_enum.o
    0x080008a4   0x080008a4   0x00000060   Code   RO          840    .text._usb_std_setfeature  usbd_enum.o
    0x08000904   0x08000904   0x00000024   Code   RO          854    .text._usb_std_setinterface  usbd_enum.o
    0x08000928   0x08000928   0x00000004   Code   RO          856    .text._usb_std_synchframe  usbd_enum.o
    0x0800092c   0x0800092c   0x00000010   Code   RO          868    .text._usb_str_desc_get  usbd_enum.o
    0x0800093c   0x0800093c   0x0000000c   Code   RO          168    .text.exti_interrupt_flag_clear  gd32f4xx_exti.o
    0x08000948   0x08000948   0x0000006e   Code   RO          200    .text.gpio_af_set   gd32f4xx_gpio.o
    0x080009b6   0x080009b6   0x00000002   PAD
    0x080009b8   0x080009b8   0x00000054   Code   RO          180    .text.gpio_mode_set  gd32f4xx_gpio.o
    0x08000a0c   0x08000a0c   0x00000046   Code   RO          182    .text.gpio_output_options_set  gd32f4xx_gpio.o
    0x08000a52   0x08000a52   0x00000002   PAD
    0x08000a54   0x08000a54   0x00000028   Code   RO           23    .text.hw_delay      gd32f4xx_hw.o
    0x08000a7c   0x08000a7c   0x00000088   Code   RO           29    .text.hw_time_set   gd32f4xx_hw.o
    0x08000b04   0x08000b04   0x00000036   Code   RO          830    .text.int_to_unicode  usbd_enum.o
    0x08000b3a   0x08000b3a   0x00000002   PAD
    0x08000b3c   0x08000b3c   0x00000032   Code   RO            2    .text.main          app.o
    0x08000b6e   0x08000b6e   0x00000002   PAD
    0x08000b70   0x08000b70   0x00000052   Code   RO          920    .text.msc_bbb_abort  usbd_msc_bbb.o
    0x08000bc2   0x08000bc2   0x00000002   PAD
    0x08000bc4   0x08000bc4   0x0000009a   Code   RO          914    .text.msc_bbb_cbw_decode  usbd_msc_bbb.o
    0x08000c5e   0x08000c5e   0x00000002   PAD
    0x08000c60   0x08000c60   0x00000038   Code   RO          916    .text.msc_bbb_clrfeature  usbd_msc_bbb.o
    0x08000c98   0x08000c98   0x0000003e   Code   RO          910    .text.msc_bbb_csw_send  usbd_msc_bbb.o
    0x08000cd6   0x08000cd6   0x00000002   PAD
    0x08000cd8   0x08000cd8   0x00000044   Code   RO          908    .text.msc_bbb_data_in  usbd_msc_bbb.o
    0x08000d1c   0x08000d1c   0x0000003e   Code   RO          912    .text.msc_bbb_data_out  usbd_msc_bbb.o
    0x08000d5a   0x08000d5a   0x00000002   PAD
    0x08000d5c   0x08000d5c   0x0000003c   Code   RO          922    .text.msc_bbb_data_send  usbd_msc_bbb.o
    0x08000d98   0x08000d98   0x0000000e   Code   RO          906    .text.msc_bbb_deinit  usbd_msc_bbb.o
    0x08000da6   0x08000da6   0x00000002   PAD
    0x08000da8   0x08000da8   0x00000042   Code   RO          902    .text.msc_bbb_init  usbd_msc_bbb.o
    0x08000dea   0x08000dea   0x00000002   PAD
    0x08000dec   0x08000dec   0x00000020   Code   RO          904    .text.msc_bbb_reset  usbd_msc_bbb.o
    0x08000e0c   0x08000e0c   0x0000001c   Code   RO          934    .text.msc_core_deinit  usbd_msc_core.o
    0x08000e28   0x08000e28   0x0000000a   Code   RO          938    .text.msc_core_in   usbd_msc_core.o
    0x08000e32   0x08000e32   0x00000002   PAD
    0x08000e34   0x08000e34   0x00000040   Code   RO          932    .text.msc_core_init  usbd_msc_core.o
    0x08000e74   0x08000e74   0x0000000a   Code   RO          940    .text.msc_core_out  usbd_msc_core.o
    0x08000e7e   0x08000e7e   0x00000002   PAD
    0x08000e80   0x08000e80   0x00000076   Code   RO          936    .text.msc_core_req  usbd_msc_core.o
    0x08000ef6   0x08000ef6   0x00000002   PAD
    0x08000ef8   0x08000ef8   0x000000a2   Code   RO          218    .text.nvic_irq_enable  gd32f4xx_misc.o
    0x08000f9a   0x08000f9a   0x00000002   PAD
    0x08000f9c   0x08000f9c   0x00000014   Code   RO          216    .text.nvic_priority_group_set  gd32f4xx_misc.o
    0x08000fb0   0x08000fb0   0x000000fa   Code   RO          264    .text.pmu_to_deepsleepmode  gd32f4xx_pmu.o
    0x080010aa   0x080010aa   0x00000002   PAD
    0x080010ac   0x080010ac   0x00000014   Code   RO          338    .text.rcu_ck48m_clock_config  gd32f4xx_rcu.o
    0x080010c0   0x080010c0   0x000000c4   Code   RO          374    .text.rcu_clock_freq_get  gd32f4xx_rcu.o
    0x08001184   0x08001184   0x0000001a   Code   RO          348    .text.rcu_flag_get  gd32f4xx_rcu.o
    0x0800119e   0x0800119e   0x00000002   PAD
    0x080011a0   0x080011a0   0x0000001e   Code   RO          350    .text.rcu_osci_on   gd32f4xx_rcu.o
    0x080011be   0x080011be   0x00000002   PAD
    0x080011c0   0x080011c0   0x0000001e   Code   RO          296    .text.rcu_periph_clock_enable  gd32f4xx_rcu.o
    0x080011de   0x080011de   0x00000002   PAD
    0x080011e0   0x080011e0   0x00000014   Code   RO          340    .text.rcu_pll48m_clock_config  gd32f4xx_rcu.o
    0x080011f4   0x080011f4   0x00000014   Code   RO          312    .text.rcu_system_clock_source_config  gd32f4xx_rcu.o
    0x08001208   0x08001208   0x00000010   Code   RO          314    .text.rcu_system_clock_source_get  gd32f4xx_rcu.o
    0x08001218   0x08001218   0x00000032   Code   RO           63    .text.resume_mcu_clk  gd32f4xx_it.o
    0x0800124a   0x0800124a   0x00000002   PAD
    0x0800124c   0x0800124c   0x0000000e   Code   RO          973    .text.scsi_allow_medium_removal  usbd_msc_scsi.o
    0x0800125a   0x0800125a   0x00000002   PAD
    0x0800125c   0x0800125c   0x0000002e   Code   RO          997    .text.scsi_check_address_range  usbd_msc_scsi.o
    0x0800128a   0x0800128a   0x00000002   PAD
    0x0800128c   0x0800128c   0x00000052   Code   RO          969    .text.scsi_inquiry  usbd_msc_scsi.o
    0x080012de   0x080012de   0x00000002   PAD
    0x080012e0   0x080012e0   0x0000000e   Code   RO          993    .text.scsi_mode_select10  usbd_msc_scsi.o
    0x080012ee   0x080012ee   0x00000002   PAD
    0x080012f0   0x080012f0   0x0000000e   Code   RO          991    .text.scsi_mode_select6  usbd_msc_scsi.o
    0x080012fe   0x080012fe   0x00000002   PAD
    0x08001300   0x08001300   0x00000024   Code   RO          977    .text.scsi_mode_sense10  usbd_msc_scsi.o
    0x08001324   0x08001324   0x00000024   Code   RO          975    .text.scsi_mode_sense6  usbd_msc_scsi.o
    0x08001348   0x08001348   0x00000160   Code   RO          963    .text.scsi_process_cmd  usbd_msc_scsi.o
    0x080014a8   0x080014a8   0x00000098   Code   RO          999    .text.scsi_process_read  usbd_msc_scsi.o
    0x08001540   0x08001540   0x0000009a   Code   RO         1001    .text.scsi_process_write  usbd_msc_scsi.o
    0x080015da   0x080015da   0x00000002   PAD
    0x080015dc   0x080015dc   0x000000b8   Code   RO          983    .text.scsi_read10   usbd_msc_scsi.o
    0x08001694   0x08001694   0x00000058   Code   RO          981    .text.scsi_read_capacity10  usbd_msc_scsi.o
    0x080016ec   0x080016ec   0x0000004a   Code   RO          979    .text.scsi_read_format_capacity  usbd_msc_scsi.o
    0x08001736   0x08001736   0x00000002   PAD
    0x08001738   0x08001738   0x0000006a   Code   RO          967    .text.scsi_request_sense  usbd_msc_scsi.o
    0x080017a2   0x080017a2   0x00000002   PAD
    0x080017a4   0x080017a4   0x00000036   Code   RO          995    .text.scsi_sense_code  usbd_msc_scsi.o
    0x080017da   0x080017da   0x00000002   PAD
    0x080017dc   0x080017dc   0x00000014   Code   RO          971    .text.scsi_start_stop_unit  usbd_msc_scsi.o
    0x080017f0   0x080017f0   0x0000004c   Code   RO          965    .text.scsi_test_unit_ready  usbd_msc_scsi.o
    0x0800183c   0x0800183c   0x00000038   Code   RO          989    .text.scsi_toc_cmd_read  usbd_msc_scsi.o
    0x08001874   0x08001874   0x00000038   Code   RO          987    .text.scsi_verify10  usbd_msc_scsi.o
    0x080018ac   0x080018ac   0x00000104   Code   RO          985    .text.scsi_write10  usbd_msc_scsi.o
    0x080019b0   0x080019b0   0x00000048   Code   RO          832    .text.serial_string_get  usbd_enum.o
    0x080019f8   0x080019f8   0x000000bc   Code   RO          115    .text.system_clock_168m_25m_hxtal  system_gd32f4xx.o
    0x08001ab4   0x08001ab4   0x00000008   Code   RO          111    .text.system_clock_config  system_gd32f4xx.o
    0x08001abc   0x08001abc   0x0000000a   Code   RO          428    .text.timer_auto_reload_shadow_enable  gd32f4xx_timer.o
    0x08001ac6   0x08001ac6   0x00000002   PAD
    0x08001ac8   0x08001ac8   0x0000000a   Code   RO          426    .text.timer_disable  gd32f4xx_timer.o
    0x08001ad2   0x08001ad2   0x00000002   PAD
    0x08001ad4   0x08001ad4   0x0000000a   Code   RO          424    .text.timer_enable  gd32f4xx_timer.o
    0x08001ade   0x08001ade   0x00000002   PAD
    0x08001ae0   0x08001ae0   0x000000ac   Code   RO          422    .text.timer_init    gd32f4xx_timer.o
    0x08001b8c   0x08001b8c   0x0000000a   Code   RO          556    .text.timer_interrupt_disable  gd32f4xx_timer.o
    0x08001b96   0x08001b96   0x00000002   PAD
    0x08001b98   0x08001b98   0x00000008   Code   RO          554    .text.timer_interrupt_enable  gd32f4xx_timer.o
    0x08001ba0   0x08001ba0   0x00000006   Code   RO          560    .text.timer_interrupt_flag_clear  gd32f4xx_timer.o
    0x08001ba6   0x08001ba6   0x00000002   PAD
    0x08001ba8   0x08001ba8   0x00000016   Code   RO          558    .text.timer_interrupt_flag_get  gd32f4xx_timer.o
    0x08001bbe   0x08001bbe   0x00000002   PAD
    0x08001bc0   0x08001bc0   0x000000d2   Code   RO          688    .text.usb_basic_init  drv_usb_core.o
    0x08001c92   0x08001c92   0x00000002   PAD
    0x08001c94   0x08001c94   0x0000001c   Code   RO          740    .text.usb_clock_active  drv_usb_dev.o
    0x08001cb0   0x08001cb0   0x00000092   Code   RO          690    .text.usb_core_init  drv_usb_core.o
    0x08001d42   0x08001d42   0x00000002   PAD
    0x08001d44   0x08001d44   0x0000001a   Code   RO          692    .text.usb_core_reset  drv_usb_core.o
    0x08001d5e   0x08001d5e   0x00000002   PAD
    0x08001d60   0x08001d60   0x00000022   Code   RO          736    .text.usb_ctlep_startout  drv_usb_dev.o
    0x08001d82   0x08001d82   0x00000002   PAD
    0x08001d84   0x08001d84   0x00000024   Code   RO          704    .text.usb_curmode_set  drv_usb_core.o
    0x08001da8   0x08001da8   0x0000000c   Code   RO          809    .text.usb_dev_connect  usbd_core.o
    0x08001db4   0x08001db4   0x0000000c   Code   RO          811    .text.usb_dev_disconnect  usbd_core.o
    0x08001dc0   0x08001dc0   0x00000014   Code   RO          860    .text.usb_devaddr_set  usbd_enum.o
    0x08001dd4   0x08001dd4   0x000000f8   Code   RO          714    .text.usb_devcore_init  drv_usb_dev.o
    0x08001ecc   0x08001ecc   0x00000036   Code   RO          718    .text.usb_devint_enable  drv_usb_dev.o
    0x08001f02   0x08001f02   0x00000002   PAD
    0x08001f04   0x08001f04   0x0000000c   Code   RO          787    .text.usb_globalint_disable  usbd_core.o
    0x08001f10   0x08001f10   0x0000000c   Code   RO          791    .text.usb_globalint_enable  usbd_core.o
    0x08001f1c   0x08001f1c   0x00000042   Code   RO           15    .text.usb_gpio_config  gd32f4xx_hw.o
    0x08001f5e   0x08001f5e   0x00000002   PAD
    0x08001f60   0x08001f60   0x0000000e   Code   RO          773    .text.usb_iepintnum_read  drv_usbd_int.o
    0x08001f6e   0x08001f6e   0x00000002   PAD
    0x08001f70   0x08001f70   0x0000001c   Code   RO          734    .text.usb_iepintr_read  drv_usb_dev.o
    0x08001f8c   0x08001f8c   0x00000016   Code   RO           17    .text.usb_intr_config  gd32f4xx_hw.o
    0x08001fa2   0x08001fa2   0x00000002   PAD
    0x08001fa4   0x08001fa4   0x0000000a   Code   RO           25    .text.usb_mdelay    gd32f4xx_hw.o
    0x08001fae   0x08001fae   0x00000002   PAD
    0x08001fb0   0x08001fb0   0x0000000e   Code   RO          769    .text.usb_oepintnum_read  drv_usbd_int.o
    0x08001fbe   0x08001fbe   0x00000002   PAD
    0x08001fc0   0x08001fc0   0x00000010   Code   RO          771    .text.usb_oepintr_read  drv_usbd_int.o
    0x08001fd0   0x08001fd0   0x00000018   Code   RO           13    .text.usb_rcu_config  gd32f4xx_hw.o
    0x08001fe8   0x08001fe8   0x00000018   Code   RO          700    .text.usb_rxfifo_flush  drv_usb_core.o
    0x08002000   0x08002000   0x00000020   Code   RO          696    .text.usb_rxfifo_read  drv_usb_core.o
    0x08002020   0x08002020   0x00000008   Code   RO          716    .text.usb_set_rxfifo  drv_usb_dev.o
    0x08002028   0x08002028   0x0000004c   Code   RO          702    .text.usb_set_txfifo  drv_usb_core.o
    0x08002074   0x08002074   0x0000001e   Code   RO           19    .text.usb_timer_init  gd32f4xx_hw.o
    0x08002092   0x08002092   0x00000002   PAD
    0x08002094   0x08002094   0x0000003c   Code   RO           27    .text.usb_timer_irq  gd32f4xx_hw.o
    0x080020d0   0x080020d0   0x0000009c   Code   RO          722    .text.usb_transc_active  drv_usb_dev.o
    0x0800216c   0x0800216c   0x00000034   Code   RO          732    .text.usb_transc_clrstall  drv_usb_dev.o
    0x080021a0   0x080021a0   0x00000034   Code   RO          724    .text.usb_transc_deactivate  drv_usb_dev.o
    0x080021d4   0x080021d4   0x000000dc   Code   RO          726    .text.usb_transc_inxfer  drv_usb_dev.o
    0x080022b0   0x080022b0   0x00000066   Code   RO          728    .text.usb_transc_outxfer  drv_usb_dev.o
    0x08002316   0x08002316   0x00000002   PAD
    0x08002318   0x08002318   0x00000034   Code   RO          730    .text.usb_transc_stall  drv_usb_dev.o
    0x0800234c   0x0800234c   0x0000001c   Code   RO          698    .text.usb_txfifo_flush  drv_usb_core.o
    0x08002368   0x08002368   0x00000026   Code   RO          694    .text.usb_txfifo_write  drv_usb_core.o
    0x0800238e   0x0800238e   0x00000002   PAD
    0x08002390   0x08002390   0x0000000a   Code   RO           21    .text.usb_udelay    gd32f4xx_hw.o
    0x0800239a   0x0800239a   0x00000002   PAD
    0x0800239c   0x0800239c   0x00000008   Code   RO          858    .text.usbd_addr_set  usbd_enum.o
    0x080023a4   0x080023a4   0x00000020   Code   RO          824    .text.usbd_class_request  usbd_enum.o
    0x080023c4   0x080023c4   0x0000000e   Code   RO          793    .text.usbd_connect  usbd_core.o
    0x080023d2   0x080023d2   0x00000002   PAD
    0x080023d4   0x080023d4   0x0000002c   Code   RO          882    .text.usbd_ctl_recev  usbd_transc.o
    0x08002400   0x08002400   0x0000002c   Code   RO          880    .text.usbd_ctl_send  usbd_transc.o
    0x0800242c   0x0800242c   0x00000020   Code   RO          886    .text.usbd_ctl_status_recev  usbd_transc.o
    0x0800244c   0x0800244c   0x00000020   Code   RO          884    .text.usbd_ctl_status_send  usbd_transc.o
    0x0800246c   0x0800246c   0x0000000e   Code   RO          789    .text.usbd_disconnect  usbd_core.o
    0x0800247a   0x0800247a   0x00000002   PAD
    0x0800247c   0x0800247c   0x000000b0   Code   RO          775    .text.usbd_emptytxfifo_write  drv_usbd_int.o
    0x0800252c   0x0800252c   0x0000001a   Code   RO          828    .text.usbd_enum_error  usbd_enum.o
    0x08002546   0x08002546   0x00000002   PAD
    0x08002548   0x08002548   0x0000002e   Code   RO          797    .text.usbd_ep_clear  usbd_core.o
    0x08002576   0x08002576   0x00000002   PAD
    0x08002578   0x08002578   0x00000034   Code   RO          799    .text.usbd_ep_recev  usbd_core.o
    0x080025ac   0x080025ac   0x00000032   Code   RO          801    .text.usbd_ep_send  usbd_core.o
    0x080025de   0x080025de   0x00000002   PAD
    0x080025e0   0x080025e0   0x00000072   Code   RO          795    .text.usbd_ep_setup  usbd_core.o
    0x08002652   0x08002652   0x00000002   PAD
    0x08002654   0x08002654   0x00000032   Code   RO          803    .text.usbd_ep_stall  usbd_core.o
    0x08002686   0x08002686   0x00000002   PAD
    0x08002688   0x08002688   0x00000032   Code   RO          805    .text.usbd_ep_stall_clear  usbd_core.o
    0x080026ba   0x080026ba   0x00000002   PAD
    0x080026bc   0x080026bc   0x00000022   Code   RO          807    .text.usbd_fifo_flush  usbd_core.o
    0x080026de   0x080026de   0x00000002   PAD
    0x080026e0   0x080026e0   0x00000092   Code   RO          892    .text.usbd_in_transc  usbd_transc.o
    0x08002772   0x08002772   0x00000002   PAD
    0x08002774   0x08002774   0x00000060   Code   RO          785    .text.usbd_init     usbd_core.o
    0x080027d4   0x080027d4   0x00000046   Code   RO          767    .text.usbd_int_enumfinish  drv_usbd_int.o
    0x0800281a   0x0800281a   0x00000002   PAD
    0x0800281c   0x0800281c   0x00000096   Code   RO          759    .text.usbd_int_epin  drv_usbd_int.o
    0x080028b2   0x080028b2   0x00000002   PAD
    0x080028b4   0x080028b4   0x000000ba   Code   RO          757    .text.usbd_int_epout  drv_usbd_int.o
    0x0800296e   0x0800296e   0x00000002   PAD
    0x08002970   0x08002970   0x000000c2   Code   RO          765    .text.usbd_int_reset  drv_usbd_int.o
    0x08002a32   0x08002a32   0x00000002   PAD
    0x08002a34   0x08002a34   0x000000a2   Code   RO          763    .text.usbd_int_rxfifo  drv_usbd_int.o
    0x08002ad6   0x08002ad6   0x00000002   PAD
    0x08002ad8   0x08002ad8   0x0000006a   Code   RO          761    .text.usbd_int_suspend  drv_usbd_int.o
    0x08002b42   0x08002b42   0x00000002   PAD
    0x08002b44   0x08002b44   0x000000d4   Code   RO          755    .text.usbd_isr      drv_usbd_int.o
    0x08002c18   0x08002c18   0x00000076   Code   RO          890    .text.usbd_out_transc  usbd_transc.o
    0x08002c8e   0x08002c8e   0x00000002   PAD
    0x08002c90   0x08002c90   0x00000006   Code   RO          918    .text.usbd_rxcount_get  usbd_msc_bbb.o
    0x08002c96   0x08002c96   0x00000002   PAD
    0x08002c98   0x08002c98   0x0000007e   Code   RO          888    .text.usbd_setup_transc  usbd_transc.o
    0x08002d16   0x08002d16   0x00000002   PAD
    0x08002d18   0x08002d18   0x00000044   Code   RO          822    .text.usbd_standard_request  usbd_enum.o
    0x08002d5c   0x08002d5c   0x00000004   Code   RO          826    .text.usbd_vendor_request  usbd_enum.o
    0x08002d60   0x08002d60   0x0000001a   Code   RO         1115    x$fpl$fpinit        fz_wm.l(fpinit.o)
    0x08002d7a   0x08002d7a   0x00000024   Data   RO           98    .rodata.STORAGE_InquiryData  usbd_storage_msd.o
    0x08002d9e   0x08002d9e   0x00000004   Data   RO          746    .rodata.cst4        drv_usb_dev.o
    0x08002da2   0x08002da2   0x00000002   PAD
    0x08002da4   0x08002da4   0x00000010   Data   RO          813    .rodata.ep_type     usbd_core.o
    0x08002db4   0x08002db4   0x00000102   Data   RO          951    .rodata.manufacturer_string  usbd_msc_core.o
    0x08002eb6   0x08002eb6   0x00000020   Data   RO          944    .rodata.msc_config_desc  usbd_msc_core.o
    0x08002ed6   0x08002ed6   0x00000012   Data   RO          943    .rodata.msc_dev_desc  usbd_msc_core.o
    0x08002ee8   0x08002ee8   0x00000008   Data   RO         1005    .rodata.msc_mode_sense10_data  usbd_msc_scsi.o
    0x08002ef0   0x08002ef0   0x00000008   Data   RO         1004    .rodata.msc_mode_sense6_data  usbd_msc_scsi.o
    0x08002ef8   0x08002ef8   0x00000007   Data   RO         1003    .rodata.msc_page00_inquiry_data  usbd_msc_scsi.o
    0x08002eff   0x08002eff   0x00000102   Data   RO          952    .rodata.product_string  usbd_msc_core.o
    0x08003001   0x08003001   0x00000001   PAD
    0x08003002   0x08003002   0x00000004   Data   RO          949    .rodata.usbd_language_id_desc  usbd_msc_core.o
    0x08003006   0x08003006   0x00000002   PAD
    0x08003008   0x08003008   0x00000010   Data   RO          947    .rodata.usbd_msc_strings  usbd_msc_core.o
    0x08003018   0x08003018   0x00000020   Data   RO         1190    Region$$Table       anon$$obj.o


    Execution Region RW_IRAM1 (Exec base: 0x20000000, Load base: 0x08003038, Size: 0x0000bea8, Max: 0x00030000, ABSOLUTE, COMPRESSED[0x00000050])

    Exec Addr    Load Addr    Size         Type   Attr      Idx    E Section Name        Object

    0x20000000   COMPRESSED   0x00000028   Data   RW           99    .data.USBD_Internal_Storage_fops  usbd_storage_msd.o
    0x20000028   COMPRESSED   0x00000030   Data   RW          942    .data.msc_class     usbd_msc_core.o
    0x20000058   COMPRESSED   0x00000010   Data   RW          948    .data.msc_desc      usbd_msc_core.o
    0x20000068   COMPRESSED   0x00000102   Data   RW          950    .data.serial_string  usbd_msc_core.o
    0x2000016a   COMPRESSED   0x00000002   Data   RW           32    .data.timer_prescaler  gd32f4xx_hw.o
    0x2000016c   COMPRESSED   0x00000004   Data   RW          100    .data.usbd_mem_fops  usbd_storage_msd.o
    0x20000170        -       0x00000060   Zero   RW         1057    .bss                c_w.l(libspace.o)
    0x200001d0        -       0x0000a000   Zero   RW            5    .bss.SRAM           app.o
    0x2000a1d0        -       0x00000002   Zero   RW          870    .bss._usb_std_getstatus.status  usbd_enum.o
    0x2000a1d2        -       0x00000001   Zero   RW          871    .bss._usb_std_setconfiguration.config  usbd_enum.o
    0x2000a1d3   COMPRESSED   0x00000001   PAD
    0x2000a1d4        -       0x00000004   Zero   RW           31    .bss.delay_time     gd32f4xx_hw.o
    0x2000a1d8        -       0x00001080   Zero   RW          953    .bss.msc_core_init.msc_handler  usbd_msc_core.o
    0x2000b258        -       0x0000043c   Zero   RW            4    .bss.msc_udisk      app.o
    0x2000b694        -       0x00000004   Zero   RW          280    .bss.pmu_to_deepsleepmode.reg_snap.0  gd32f4xx_pmu.o
    0x2000b698        -       0x00000004   Zero   RW          281    .bss.pmu_to_deepsleepmode.reg_snap.1  gd32f4xx_pmu.o
    0x2000b69c        -       0x00000004   Zero   RW          282    .bss.pmu_to_deepsleepmode.reg_snap.2  gd32f4xx_pmu.o
    0x2000b6a0        -       0x00000004   Zero   RW          283    .bss.pmu_to_deepsleepmode.reg_snap.3  gd32f4xx_pmu.o
    0x2000b6a4        -       0x00000001   Zero   RW          954    .bss.usbd_msc_maxlun  usbd_msc_core.o
    0x2000b6a5   COMPRESSED   0x00000003   PAD
    0x2000b6a8        -       0x00000400   Zero   RW         1014    HEAP                startup_gd32f407_427.o
    0x2000baa8        -       0x00000400   Zero   RW         1013    STACK               startup_gd32f407_427.o


==============================================================================

Image component sizes


      Code (inc. data)   RO Data    RW Data    ZI Data      Debug   Object Name

        50          0          0          0      42044       5094   app.o
       616          0          0          0          0       7035   drv_usb_core.o
      1034          8          4          0          0      11106   drv_usb_dev.o
      1300          0          0          0          0      10080   drv_usbd_int.o
        12          0          0          0          0       3626   gd32f4xx_exti.o
       264          0          0          0          0       5434   gd32f4xx_gpio.o
       398          0          0          2          4       5744   gd32f4xx_hw.o
       152          0          0          0          0       3998   gd32f4xx_it.o
       182          0          0          0          0       3565   gd32f4xx_misc.o
       250          0          0          0         16       5893   gd32f4xx_pmu.o
       358         28          0          0          0      17400   gd32f4xx_rcu.o
       248          0          0          0          0      20441   gd32f4xx_timer.o
       124          0          0          0          0       1564   sram_msd.o
        64         26        392          0       2048       1100   startup_gd32f407_427.o
       382          0          0          0          0       2658   system_gd32f4xx.o
       568          0         16          0          0      10046   usbd_core.o
      1294         68          0          0          3      13515   usbd_enum.o
       662          0          0          0          0      10089   usbd_msc_bbb.o
       230          0        586        322       4225       9553   usbd_msc_core.o
      1874        182         23          0          0      15563   usbd_msc_scsi.o
        60          0         36         44          0       2547   usbd_storage_msd.o
       542          0          0          0          0       7853   usbd_transc.o

    ----------------------------------------------------------------------
     10832        312       1094        368      48344     173904   Object Totals
         0          0         32          0          0          0   (incl. Generated)
       168          0          5          0          4          0   (incl. Padding)

    ----------------------------------------------------------------------

      Code (inc. data)   RO Data    RW Data    ZI Data      Debug   Library Member Name

        58          0          0          0          0          0   __dczerorl.o
         8          0          0          0          0         68   __main.o
         0          0          0          0          0          0   __rtentry.o
        12          0          0          0          0          0   __rtentry2.o
         6          0          0          0          0          0   __rtentry4.o
        52          8          0          0          0          0   __scatter.o
        28          0          0          0          0          0   __scatter_zi.o
        18          0          0          0          0         80   exit.o
         6          0          0          0          0        152   heapauxi.o
         0          0          0          0          0          0   indicate_semi.o
         2          0          0          0          0          0   libinit.o
         6          0          0          0          0          0   libinit2.o
         2          0          0          0          0          0   libshutdown.o
         2          0          0          0          0          0   libshutdown2.o
         8          4          0          0         96         68   libspace.o
        78          0          0          0          0         80   rt_memclr_w.o
         2          0          0          0          0          0   rtexit.o
        10          0          0          0          0          0   rtexit2.o
        12          4          0          0          0         68   sys_exit.o
        74          0          0          0          0         80   sys_stackheap_outer.o
         2          0          0          0          0         68   use_no_semi.o
        26          0          0          0          0        116   fpinit.o

    ----------------------------------------------------------------------
       418         16          0          0         96        780   Library Totals
         6          0          0          0          0          0   (incl. Padding)

    ----------------------------------------------------------------------

      Code (inc. data)   RO Data    RW Data    ZI Data      Debug   Library Name

       386         16          0          0         96        664   c_w.l
        26          0          0          0          0        116   fz_wm.l

    ----------------------------------------------------------------------
       418         16          0          0         96        780   Library Totals

    ----------------------------------------------------------------------

==============================================================================


      Code (inc. data)   RO Data    RW Data    ZI Data      Debug   

     11250        328       1094        368      48440     174076   Grand Totals
     11250        328       1094         80      48440     174076   ELF Image Totals (compressed)
     11250        328       1094         80          0          0   ROM Totals

==============================================================================

    Total RO  Size (Code + RO Data)                12344 (  12.05kB)
    Total RW  Size (RW Data + ZI Data)             48808 (  47.66kB)
    Total ROM Size (Code + RO Data + RW Data)      12424 (  12.13kB)

==============================================================================

